Archive member included to satisfy reference by file (symbol)

c:/nxp/mcuxpressoide_11.6.1_8255/ide/plugins/com.nxp.mcuxpresso.tools.win32_11.6.1.202207200623/tools/bin/../lib/gcc/arm-none-eabi/10.3.1/../../../../arm-none-eabi/lib/thumb/v7e-m+fp/hard\libcr_semihost_nf.a(_cr__main.o)
                              ./startup/startup_mk66f18.o (__main)
c:/nxp/mcuxpressoide_11.6.1_8255/ide/plugins/com.nxp.mcuxpresso.tools.win32_11.6.1.202207200623/tools/bin/../lib/gcc/arm-none-eabi/10.3.1/../../../../arm-none-eabi/lib/thumb/v7e-m+fp/hard\libcr_c.a(memcpy.o)
                              ./utilities/fsl_str.o (memcpy)
c:/nxp/mcuxpressoide_11.6.1_8255/ide/plugins/com.nxp.mcuxpresso.tools.win32_11.6.1.202207200623/tools/bin/../lib/gcc/arm-none-eabi/10.3.1/../../../../arm-none-eabi/lib/thumb/v7e-m+fp/hard\libcr_c.a(memset.o)
                              ./freertos/freertos_kernel/stream_buffer.o (memset)
c:/nxp/mcuxpressoide_11.6.1_8255/ide/plugins/com.nxp.mcuxpresso.tools.win32_11.6.1.202207200623/tools/bin/../lib/gcc/arm-none-eabi/10.3.1/../../../../arm-none-eabi/lib/thumb/v7e-m+fp/hard\libcr_c.a(alloc.o)
                              ./drivers/fsl_common.o (malloc)
c:/nxp/mcuxpressoide_11.6.1_8255/ide/plugins/com.nxp.mcuxpresso.tools.win32_11.6.1.202207200623/tools/bin/../lib/gcc/arm-none-eabi/10.3.1/../../../../arm-none-eabi/lib/thumb/v7e-m+fp/hard\libcr_c.a(errno.o)
                              ./utilities/fsl_str.o (errno)
c:/nxp/mcuxpressoide_11.6.1_8255/ide/plugins/com.nxp.mcuxpresso.tools.win32_11.6.1.202207200623/tools/bin/../lib/gcc/arm-none-eabi/10.3.1/../../../../arm-none-eabi/lib/thumb/v7e-m+fp/hard\libcr_c.a(initio.o)
                              c:/nxp/mcuxpressoide_11.6.1_8255/ide/plugins/com.nxp.mcuxpresso.tools.win32_11.6.1.202207200623/tools/bin/../lib/gcc/arm-none-eabi/10.3.1/../../../../arm-none-eabi/lib/thumb/v7e-m+fp/hard\libcr_semihost_nf.a(_cr__main.o) (_initio)
c:/nxp/mcuxpressoide_11.6.1_8255/ide/plugins/com.nxp.mcuxpresso.tools.win32_11.6.1.202207200623/tools/bin/../lib/gcc/arm-none-eabi/10.3.1/../../../../arm-none-eabi/lib/thumb/v7e-m+fp/hard\libcr_c.a(printf.o)
                              ./source/Terminal_Component.o (_vsprintf)
c:/nxp/mcuxpressoide_11.6.1_8255/ide/plugins/com.nxp.mcuxpresso.tools.win32_11.6.1.202207200623/tools/bin/../lib/gcc/arm-none-eabi/10.3.1/../../../../arm-none-eabi/lib/thumb/v7e-m+fp/hard\libcr_c.a(scanf.o)
                              ./utilities/fsl_str.o (strtoul)
c:/nxp/mcuxpressoide_11.6.1_8255/ide/plugins/com.nxp.mcuxpresso.tools.win32_11.6.1.202207200623/tools/bin/../lib/gcc/arm-none-eabi/10.3.1/../../../../arm-none-eabi/lib/thumb/v7e-m+fp/hard\libcr_c.a(setvbuf.o)
                              c:/nxp/mcuxpressoide_11.6.1_8255/ide/plugins/com.nxp.mcuxpresso.tools.win32_11.6.1.202207200623/tools/bin/../lib/gcc/arm-none-eabi/10.3.1/../../../../arm-none-eabi/lib/thumb/v7e-m+fp/hard\libcr_c.a(initio.o) (setvbuf)
c:/nxp/mcuxpressoide_11.6.1_8255/ide/plugins/com.nxp.mcuxpresso.tools.win32_11.6.1.202207200623/tools/bin/../lib/gcc/arm-none-eabi/10.3.1/../../../../arm-none-eabi/lib/thumb/v7e-m+fp/hard\libcr_c.a(strlen.o)
                              ./utilities/fsl_str.o (strlen)
c:/nxp/mcuxpressoide_11.6.1_8255/ide/plugins/com.nxp.mcuxpresso.tools.win32_11.6.1.202207200623/tools/bin/../lib/gcc/arm-none-eabi/10.3.1/../../../../arm-none-eabi/lib/thumb/v7e-m+fp/hard\libcr_c.a(ungetc.o)
                              c:/nxp/mcuxpressoide_11.6.1_8255/ide/plugins/com.nxp.mcuxpresso.tools.win32_11.6.1.202207200623/tools/bin/../lib/gcc/arm-none-eabi/10.3.1/../../../../arm-none-eabi/lib/thumb/v7e-m+fp/hard\libcr_c.a(scanf.o) (ungetc)
c:/nxp/mcuxpressoide_11.6.1_8255/ide/plugins/com.nxp.mcuxpresso.tools.win32_11.6.1.202207200623/tools/bin/../lib/gcc/arm-none-eabi/10.3.1/../../../../arm-none-eabi/lib/thumb/v7e-m+fp/hard\libcr_c.a(__fillbuf.o)
                              c:/nxp/mcuxpressoide_11.6.1_8255/ide/plugins/com.nxp.mcuxpresso.tools.win32_11.6.1.202207200623/tools/bin/../lib/gcc/arm-none-eabi/10.3.1/../../../../arm-none-eabi/lib/thumb/v7e-m+fp/hard\libcr_c.a(scanf.o) (__filbuf)
c:/nxp/mcuxpressoide_11.6.1_8255/ide/plugins/com.nxp.mcuxpresso.tools.win32_11.6.1.202207200623/tools/bin/../lib/gcc/arm-none-eabi/10.3.1/../../../../arm-none-eabi/lib/thumb/v7e-m+fp/hard\libcr_c.a(__init_alloc.o)
                              c:/nxp/mcuxpressoide_11.6.1_8255/ide/plugins/com.nxp.mcuxpresso.tools.win32_11.6.1.202207200623/tools/bin/../lib/gcc/arm-none-eabi/10.3.1/../../../../arm-none-eabi/lib/thumb/v7e-m+fp/hard\libcr_c.a(alloc.o) (__heaps)
c:/nxp/mcuxpressoide_11.6.1_8255/ide/plugins/com.nxp.mcuxpresso.tools.win32_11.6.1.202207200623/tools/bin/../lib/gcc/arm-none-eabi/10.3.1/../../../../arm-none-eabi/lib/thumb/v7e-m+fp/hard\libcr_c.a(_cr_sbrk.o)
[...]
Memory Configuration

Name             Origin             Length             Attributes
PROGRAM_FLASH    0x00000000         0x00200000         xr
SRAM_UPPER       0x20000000         0x00030000         xrw
SRAM_LOWER       0x1fff0000         0x00010000         xrw
FLEX_RAM         0x14000000         0x00001000         xrw
*default*        0x00000000         0xffffffff

Linker script and memory map

LOAD ./utilities/fsl_assert.o
LOAD ./utilities/fsl_debug_console.o
LOAD ./utilities/fsl_str.o
LOAD ./startup/startup_mk66f18.o
LOAD ./source/Accelerometer_Component.o
LOAD ./source/LED_Component.o
LOAD ./source/Motor_Control_Component.o
LOAD ./source/RC_Receiver_Component.o
LOAD ./source/Terminal_Component.o
LOAD ./source/freertos_hello.o
LOAD ./source/fsl_fxos.o
LOAD ./source/semihost_hardfault.o
LOAD ./freertos/freertos_kernel/portable/MemMang/heap_4.o
LOAD ./freertos/freertos_kernel/portable/GCC/ARM_CM4F/port.o
LOAD ./freertos/freertos_kernel/croutine.o
LOAD ./freertos/freertos_kernel/event_groups.o
LOAD ./freertos/freertos_kernel/list.o
LOAD ./freertos/freertos_kernel/queue.o
LOAD ./freertos/freertos_kernel/stream_buffer.o
LOAD ./freertos/freertos_kernel/tasks.o
LOAD ./freertos/freertos_kernel/timers.o
LOAD ./drivers/freertos/fsl_dspi_freertos.o
LOAD ./drivers/fsl_clock.o
LOAD ./drivers/fsl_common.o
LOAD ./drivers/fsl_common_arm.o
LOAD ./drivers/fsl_dspi.o
LOAD ./drivers/fsl_ftfx_cache.o
LOAD ./drivers/fsl_ftfx_controller.o
LOAD ./drivers/fsl_ftfx_flash.o
LOAD ./drivers/fsl_ftfx_flexnvm.o
LOAD ./drivers/fsl_ftm.o
LOAD ./drivers/fsl_gpio.o
LOAD ./drivers/fsl_i2c.o
LOAD ./drivers/fsl_lpuart.o
LOAD ./drivers/fsl_rtc.o
LOAD ./drivers/fsl_smc.o
LOAD ./drivers/fsl_uart.o
LOAD ./device/system_MK66F18.o
LOAD ./component/uart/fsl_adapter_uart.o
LOAD ./component/serial_manager/fsl_component_serial_manager.o
LOAD ./component/serial_manager/fsl_component_serial_port_uart.o
LOAD ./component/lists/fsl_component_generic_list.o
LOAD ./board/board.o
LOAD ./board/clock_config.o
LOAD ./board/pin_mux.o
START GROUP
LOAD c:/nxp/mcuxpressoide_11.6.1_8255/ide/plugins/com.nxp.mcuxpresso.tools.win32_11.6.1.202207200623/tools/bin/../lib/gcc/arm-none-eabi/10.3.1/../../../../arm-none-eabi/lib/thumb/v7e-m+fp/hard\libcr_semihost_nf.a
LOAD c:/nxp/mcuxpressoide_11.6.1_8255/ide/plugins/com.nxp.mcuxpresso.tools.win32_11.6.1.202207200623/tools/bin/../lib/gcc/arm-none-eabi/10.3.1/../../../../arm-none-eabi/lib/thumb/v7e-m+fp/hard\libcr_c.a
LOAD c:/nxp/mcuxpressoide_11.6.1_8255/ide/plugins/com.nxp.mcuxpresso.tools.win32_11.6.1.202207200623/tools/bin/../lib/gcc/arm-none-eabi/10.3.1/thumb/v7e-m+fp/hard\libcr_eabihelpers.a
LOAD c:/nxp/mcuxpressoide_11.6.1_8255/ide/plugins/com.nxp.mcuxpresso.tools.win32_11.6.1.202207200623/tools/bin/../lib/gcc/arm-none-eabi/10.3.1/thumb/v7e-m+fp/hard\libgcc.a
END GROUP
                0x00000000                __base_PROGRAM_FLASH = 0x0
                0x00000000                __base_Flash = 0x0
                0x00200000                __top_PROGRAM_FLASH = 0x200000
                0x00200000                __top_Flash = 0x200000
                0x20000000                __base_SRAM_UPPER = 0x20000000
                0x20000000                __base_RAM = 0x20000000
                0x20030000                __top_SRAM_UPPER = 0x20030000
                0x20030000                __top_RAM = 0x20030000
                0x1fff0000                __base_SRAM_LOWER = 0x1fff0000
                0x1fff0000                __base_RAM2 = 0x1fff0000
                0x20000000                __top_SRAM_LOWER = 0x20000000
                0x20000000                __top_RAM2 = 0x20000000
                0x14000000                __base_FLEX_RAM = 0x14000000
                0x14000000                __base_RAM3 = 0x14000000
                0x14001000                __top_FLEX_RAM = 0x14001000
                0x14001000                __top_RAM3 = 0x14001000

.text           0x00000000     0x7408
 FILL mask 0xff
                0x00000000                __vectors_start__ = ABSOLUTE (.)
 *(SORT_BY_ALIGNMENT(.isr_vector))
 .isr_vector    0x00000000      0x1d0 ./startup/startup_mk66f18.o
                0x00000000                g_pfnVectors
                0x00000000                __Vectors
                0x000001d0                . = ALIGN (0x4)
                0x000001d0                __section_table_start = .
                0x000001d0                __data_section_table = .
                0x000001d0        0x4 LONG 0x7408 LOADADDR (.data)
                0x000001d4        0x4 LONG 0x20000000 ADDR (.data)
                0x000001d8        0x4 LONG 0x18 SIZEOF (.data)
                0x000001dc        0x4 LONG 0x7408 LOADADDR (.data_RAM2)
                0x000001e0        0x4 LONG 0x1fff0000 ADDR (.data_RAM2)
                0x000001e4        0x4 LONG 0x0 SIZEOF (.data_RAM2)
                0x000001e8        0x4 LONG 0x7408 LOADADDR (.data_RAM3)
                0x000001ec        0x4 LONG 0x14000000 ADDR (.data_RAM3)
                0x000001f0        0x4 LONG 0x0 SIZEOF (.data_RAM3)
                0x000001f4                __data_section_table_end = .
                0x000001f4                __bss_section_table = .
                0x000001f4        0x4 LONG 0x20000018 ADDR (.bss)
                0x000001f8        0x4 LONG 0x2ae0 SIZEOF (.bss)
                0x000001fc        0x4 LONG 0x1fff0000 ADDR (.bss_RAM2)
                0x00000200        0x4 LONG 0x0 SIZEOF (.bss_RAM2)
                0x00000204        0x4 LONG 0x14000000 ADDR (.bss_RAM3)
                0x00000208        0x4 LONG 0x0 SIZEOF (.bss_RAM3)
                0x0000020c                __bss_section_table_end = .
                0x0000020c                __section_table_end = .
 *(SORT_BY_ALIGNMENT(.after_vectors*))
 .after_vectors.reset
                0x0000020c       0x4c ./startup/startup_mk66f18.o
                0x0000020c                ResetISR
 .after_vectors.init_data
                0x00000258       0x1e ./startup/startup_mk66f18.o
                0x00000258                data_init
 .after_vectors.init_bss
                0x00000276       0x12 ./startup/startup_mk66f18.o
                0x00000276                bss_init
 .after_vectors
                0x00000288       0x14 ./startup/startup_mk66f18.o
                0x00000288                NMI_Handler
                0x0000028c                MemManage_Handler
                0x0000028e                BusFault_Handler
                0x00000290                UsageFault_Handler
                0x00000294                DebugMon_Handler
                0x0000029a                DMA_Error_DriverIRQHandler
                0x0000029a                FTM1_DriverIRQHandler
                0x0000029a                FTM2_DriverIRQHandler
                0x0000029a                PIT2_DriverIRQHandler
                0x0000029a                TPM2_DriverIRQHandler
                0x0000029a                SDHC_DriverIRQHandler
                0x0000029a                DMA7_DMA23_DriverIRQHandler
                0x0000029a                I2S0_Tx_DriverIRQHandler
                0x0000029a                TSI0_DriverIRQHandler
                0x0000029a                RTC_Seconds_DriverIRQHandler
                0x0000029a                CMP3_DriverIRQHandler
                0x0000029a                LLWU_DriverIRQHandler
                0x0000029a                MCM_DriverIRQHandler
                0x0000029a                DMA14_DMA30_DriverIRQHandler
                0x0000029a                MCG_DriverIRQHandler
                0x0000029a                ENET_1588_Timer_DriverIRQHandler
                0x0000029a                DAC1_DriverIRQHandler
                0x0000029a                LPTMR0_DriverIRQHandler
                0x0000029a                CMP1_DriverIRQHandler
                0x0000029a                USBHSDCD_DriverIRQHandler
                0x0000029a                DMA0_DMA16_DriverIRQHandler
                0x0000029a                FTM0_DriverIRQHandler
                0x0000029a                IntDefaultHandler
                0x0000029a                USB0_DriverIRQHandler
                0x0000029a                PORTC_DriverIRQHandler
                0x0000029a                DMA2_DMA18_DriverIRQHandler
                0x0000029a                DAC0_DriverIRQHandler
                0x0000029a                CMP2_DriverIRQHandler
                0x0000029a                UART2_ERR_DriverIRQHandler
                0x0000029a                LVD_LVW_DriverIRQHandler
                0x0000029a                Reserved84_DriverIRQHandler
                0x0000029a                PIT0_DriverIRQHandler
                0x0000029a                PORTB_DriverIRQHandler
                0x0000029a                USBDCD_DriverIRQHandler
                0x0000029a                UART3_ERR_DriverIRQHandler
                0x0000029a                DMA12_DMA28_DriverIRQHandler
                0x0000029a                DMA10_DMA26_DriverIRQHandler
                0x0000029a                UART0_ERR_DriverIRQHandler
                0x0000029a                CMT_DriverIRQHandler
                0x0000029a                Reserved71_DriverIRQHandler
                0x0000029a                ADC1_DriverIRQHandler
                0x0000029a                PORTA_DriverIRQHandler
                0x0000029a                DMA1_DMA17_DriverIRQHandler
                0x0000029a                PIT3_DriverIRQHandler
                0x0000029a                PIT1_DriverIRQHandler
                0x0000029a                TPM1_DriverIRQHandler
                0x0000029a                WDOG_EWM_DriverIRQHandler
                0x0000029a                PDB0_DriverIRQHandler
                0x0000029a                DMA8_DMA24_DriverIRQHandler
                0x0000029a                DMA6_DMA22_DriverIRQHandler
                0x0000029a                RTC_DriverIRQHandler
                0x0000029a                I2S0_Rx_DriverIRQHandler
                0x0000029a                Read_Collision_DriverIRQHandler
                0x0000029a                SWI_DriverIRQHandler
                0x0000029a                UART4_ERR_DriverIRQHandler
                0x0000029a                DMA13_DMA29_DriverIRQHandler
                0x0000029a                DMA11_DMA27_DriverIRQHandler
                0x0000029a                DMA4_DMA20_DriverIRQHandler
                0x0000029a                DMA9_DMA25_DriverIRQHandler
                0x0000029a                ENET_Receive_DriverIRQHandler
                0x0000029a                DMA3_DMA19_DriverIRQHandler
                0x0000029a                ENET_Error_DriverIRQHandler
                0x0000029a                Reserved85_DriverIRQHandler
                0x0000029a                ADC0_DriverIRQHandler
                0x0000029a                USBHS_DriverIRQHandler
                0x0000029a                CMP0_DriverIRQHandler
                0x0000029a                CAN0_DriverIRQHandler
                0x0000029a                FTM3_DriverIRQHandler
                0x0000029a                DMA5_DMA21_DriverIRQHandler
                0x0000029a                RNG_DriverIRQHandler
                0x0000029a                DMA15_DMA31_DriverIRQHandler
                0x0000029a                UART1_ERR_DriverIRQHandler
                0x0000029a                ENET_Transmit_DriverIRQHandler
                0x0000029a                PORTD_DriverIRQHandler
                0x0000029a                Reserved46_DriverIRQHandler
                0x0000029a                PORTE_DriverIRQHandler
                0x0000029a                FTFE_DriverIRQHandler
                0x0000029a                CAN1_DriverIRQHandler
                0x00000400                . = 0x400
 *fill*         0x0000029c      0x164 ff
                0x00000400                PROVIDE (__FLASH_CONFIG_START__ = .)
 *(SORT_BY_ALIGNMENT(.FlashConfig))
 .FlashConfig   0x00000400       0x10 ./startup/startup_mk66f18.o
                0x00000400                Flash_Config
                0x00000410                PROVIDE (__FLASH_CONFIG_END__ = .)
                0x00000001                ASSERT (! ((__FLASH_CONFIG_START__ == __FLASH_CONFIG_END__)), Linker Flash Config Support Enabled, but no .FlashConfig section provided within application)
 *(SORT_BY_ALIGNMENT(.text*))
 .text.SVC_Handler
                0x00000410       0x28 ./freertos/freertos_kernel/portable/GCC/ARM_CM4F/port.o
                0x00000410                SVC_Handler
 *fill*         0x00000438        0x8 ff
 .text.PendSV_Handler
                0x00000440       0x68 ./freertos/freertos_kernel/portable/GCC/ARM_CM4F/port.o
                0x00000440                PendSV_Handler
 .text.motorTask
                0x000004a8       0x88 ./source/Motor_Control_Component.o
                0x000004a8                motorTask
 .text.positionTask
                0x00000530       0x94 ./source/Motor_Control_Component.o
                0x00000530                positionTask
 .text.__assertion_failed
                0x000005c4       0x18 ./utilities/fsl_assert.o
                0x000005c4                __assertion_failed
 .text.setupLEDComponent
                0x000005dc       0x58 ./source/LED_Component.o
                0x000005dc                setupLEDComponent
 .text.setupLEDPins
                0x00000634       0x4c ./source/LED_Component.o
                0x00000634                setupLEDPins
 .text.setupLEDs
                0x00000680       0x6c ./source/LED_Component.o
                0x00000680                setupLEDs
 .text.ledTask  0x000006ec       0x98 ./source/LED_Component.o
                0x000006ec                ledTask
 .text.setupMotorComponent
                0x00000784       0xa4 ./source/Motor_Control_Component.o
                0x00000784                setupMotorComponent
 .text.setupMotorPins
                0x00000828       0x24 ./source/Motor_Control_Component.o
                0x00000828                setupMotorPins
 .text.setupDCMotor
                0x0000084c       0x14 ./source/Motor_Control_Component.o
                0x0000084c                setupDCMotor
 .text.setupServo
                0x00000860       0x14 ./source/Motor_Control_Component.o
                0x00000860                setupServo
 .text.updatePWM_dutyCycle
                0x00000874       0x74 ./source/Motor_Control_Component.o
                0x00000874                updatePWM_dutyCycle
 .text.setupRCReceiverComponent
                0x000008e8       0x44 ./source/RC_Receiver_Component.o
                0x000008e8                setupRCReceiverComponent
 .text.setupRCPins
                0x0000092c       0x18 ./source/RC_Receiver_Component.o
                0x0000092c                setupRCPins
 .text.setupUART_RC
                0x00000944       0x3c ./source/RC_Receiver_Component.o
                0x00000944                setupUART_RC
 .text.rcTask   0x00000980      0x228 ./source/RC_Receiver_Component.o
                0x00000980                rcTask
 .text.UART4_RX_TX_IRQHandler
                0x00000ba8       0xd0 ./source/Terminal_Component.o
                0x00000ba8                UART4_RX_TX_IRQHandler
 .text.pvPortMalloc
                0x00000c78      0x1c0 ./freertos/freertos_kernel/portable/MemMang/heap_4.o
                0x00000c78                pvPortMalloc
 .text.vPortFree
                0x00000e38       0xc4 ./freertos/freertos_kernel/portable/MemMang/heap_4.o
                0x00000e38                vPortFree
 .text.prvHeapInit
                0x00000efc       0xc4 ./freertos/freertos_kernel/portable/MemMang/heap_4.o
 .text.prvInsertBlockIntoFreeList
                0x00000fc0       0xb4 ./freertos/freertos_kernel/portable/MemMang/heap_4.o
 .text.pxPortInitialiseStack
                0x00001074       0x68 ./freertos/freertos_kernel/portable/GCC/ARM_CM4F/port.o
                0x00001074                pxPortInitialiseStack
 .text.prvTaskExitError
                0x000010dc       0x58 ./freertos/freertos_kernel/portable/GCC/ARM_CM4F/port.o
 .text.prvPortStartFirstTask
                0x00001134       0x2c ./freertos/freertos_kernel/portable/GCC/ARM_CM4F/port.o
 .text.xPortStartScheduler
                0x00001160      0x144 ./freertos/freertos_kernel/portable/GCC/ARM_CM4F/port.o
                0x00001160                xPortStartScheduler
 .text.vPortEnterCritical
                0x000012a4       0x60 ./freertos/freertos_kernel/portable/GCC/ARM_CM4F/port.o
                0x000012a4                vPortEnterCritical
 .text.vPortExitCritical
                0x00001304       0x54 ./freertos/freertos_kernel/portable/GCC/ARM_CM4F/port.o
                0x00001304                vPortExitCritical
 .text.SysTick_Handler
                0x00001358       0x44 ./freertos/freertos_kernel/portable/GCC/ARM_CM4F/port.o
                0x00001358                SysTick_Handler
 .text.vPortSetupTimerInterrupt
                0x0000139c       0x48 ./freertos/freertos_kernel/portable/GCC/ARM_CM4F/port.o
                0x0000139c                vPortSetupTimerInterrupt
 .text.vPortEnableVFP
                0x000013e4       0x18 ./freertos/freertos_kernel/portable/GCC/ARM_CM4F/port.o
 .text.vPortValidateInterruptPriority
                0x000013fc       0x80 ./freertos/freertos_kernel/portable/GCC/ARM_CM4F/port.o
                0x000013fc                vPortValidateInterruptPriority
 .text.xQueueGenericReset
                0x0000147c       0xd0 ./freertos/freertos_kernel/queue.o
                0x0000147c                xQueueGenericReset
 .text.xQueueGenericSend
                0x0000154c      0x1fc ./freertos/freertos_kernel/queue.o
                0x0000154c                xQueueGenericSend
 .text.xQueueReceive
                0x00001748      0x1c0 ./freertos/freertos_kernel/queue.o
                0x00001748                xQueueReceive
 .text.vQueueAddToRegistry
                0x00001908       0x54 ./freertos/freertos_kernel/queue.o
                0x00001908                vQueueAddToRegistry
 .text.prvAddNewTaskToReadyList
                0x0000195c       0xdc ./freertos/freertos_kernel/tasks.o
 .text.vTaskStartScheduler
                0x00001a38       0xa4 ./freertos/freertos_kernel/tasks.o
                0x00001a38                vTaskStartScheduler
 .text.vTaskSuspendAll
                0x00001adc       0x1c ./freertos/freertos_kernel/tasks.o
                0x00001adc                vTaskSuspendAll
 .text.xTaskResumeAll
                0x00001af8      0x138 ./freertos/freertos_kernel/tasks.o
                0x00001af8                xTaskResumeAll
 .text.xTaskGetTickCount
                0x00001c30       0x20 ./freertos/freertos_kernel/tasks.o
                0x00001c30                xTaskGetTickCount
 .text.xTaskIncrementTick
                0x00001c50      0x154 ./freertos/freertos_kernel/tasks.o
                0x00001c50                xTaskIncrementTick
 .text.vTaskSwitchContext
                0x00001da4       0xb8 ./freertos/freertos_kernel/tasks.o
                0x00001da4                vTaskSwitchContext
 .text.vTaskPlaceOnEventList
                0x00001e5c       0x48 ./freertos/freertos_kernel/tasks.o
                0x00001e5c                vTaskPlaceOnEventList
 .text.vTaskPlaceOnEventListRestricted
                0x00001ea4       0x58 ./freertos/freertos_kernel/tasks.o
                0x00001ea4                vTaskPlaceOnEventListRestricted
 .text.xTaskRemoveFromEventList
                0x00001efc       0xc4 ./freertos/freertos_kernel/tasks.o
                0x00001efc                xTaskRemoveFromEventList
 .text.vTaskRemoveFromUnorderedEventList
                0x00001fc0       0xc4 ./freertos/freertos_kernel/tasks.o
                0x00001fc0                vTaskRemoveFromUnorderedEventList
 .text.vTaskInternalSetTimeOutState
                0x00002084       0x2c ./freertos/freertos_kernel/tasks.o
                0x00002084                vTaskInternalSetTimeOutState
 .text.xTaskCheckForTimeOut
                0x000020b0       0xcc ./freertos/freertos_kernel/tasks.o
                0x000020b0                xTaskCheckForTimeOut
 .text.vTaskMissedYield
                0x0000217c       0x18 ./freertos/freertos_kernel/tasks.o
                0x0000217c                vTaskMissedYield
 .text.prvIdleTask
                0x00002194       0x30 ./freertos/freertos_kernel/tasks.o
 .text.prvInitialiseTaskLists
                0x000021c4       0x80 ./freertos/freertos_kernel/tasks.o
 .text.prvCheckTasksWaitingTermination
                0x00002244       0x5c ./freertos/freertos_kernel/tasks.o
 .text.prvResetNextTaskUnblockTime
                0x000022a0       0x38 ./freertos/freertos_kernel/tasks.o
 .text.xTaskGetSchedulerState
                0x000022d8       0x3c ./freertos/freertos_kernel/tasks.o
                0x000022d8                xTaskGetSchedulerState
 .text.xTaskPriorityDisinherit
                0x00002314       0xf4 ./freertos/freertos_kernel/tasks.o
                0x00002314                xTaskPriorityDisinherit
 .text.prvAddCurrentTaskToDelayedList
                0x00002408       0xcc ./freertos/freertos_kernel/tasks.o
 .text.xTimerCreateTimerTask
                0x000024d4       0x64 ./freertos/freertos_kernel/timers.o
                0x000024d4                xTimerCreateTimerTask
 .text.xTimerGenericCommand
                0x00002538       0x9c ./freertos/freertos_kernel/timers.o
                0x00002538                xTimerGenericCommand
 .text.prvProcessExpiredTimer
                0x000025d4       0x98 ./freertos/freertos_kernel/timers.o
 .text.prvProcessTimerOrBlockTask
                0x0000266c       0x9c ./freertos/freertos_kernel/timers.o
 .text.prvGetNextExpireTime
                0x00002708       0x48 ./freertos/freertos_kernel/timers.o
 .text.prvSampleTimeNow
                0x00002750       0x40 ./freertos/freertos_kernel/timers.o
 .text.prvInsertTimerInActiveList
                0x00002790       0x84 ./freertos/freertos_kernel/timers.o
 .text.prvProcessReceivedCommands
                0x00002814      0x1c4 ./freertos/freertos_kernel/timers.o
 .text.prvSwitchTimerLists
                0x000029d8       0xc8 ./freertos/freertos_kernel/timers.o
 .text.prvCheckForValidListAndQueue
                0x00002aa0       0x6c ./freertos/freertos_kernel/timers.o
 .text.CLOCK_SetEr32kClock
                0x00002b0c       0x30 ./drivers/fsl_clock.o
 .text.CLOCK_SetPllFllSelClock
                0x00002b3c       0x54 ./drivers/fsl_clock.o
 .text.CLOCK_GetMcgExtClkFreq
                0x00002b90       0x7c ./drivers/fsl_clock.o
 .text.CLOCK_GetFllExtRefClkFreq
                0x00002c0c       0xb0 ./drivers/fsl_clock.o
 .text.CLOCK_GetInternalRefClkSelectFreq
                0x00002cbc       0x4c ./drivers/fsl_clock.o
 .text.CLOCK_GetFllRefClkFreq
                0x00002d08       0x34 ./drivers/fsl_clock.o
 .text.CLOCK_GetOsc0ErClkUndivFreq
                0x00002d3c       0x44 ./drivers/fsl_clock.o
                0x00002d3c                CLOCK_GetOsc0ErClkUndivFreq
 .text.CLOCK_GetOsc0ErClkDivFreq
                0x00002d80       0x58 ./drivers/fsl_clock.o
                0x00002d80                CLOCK_GetOsc0ErClkDivFreq
 .text.CLOCK_GetEr32kClkFreq
                0x00002dd8       0x74 ./drivers/fsl_clock.o
                0x00002dd8                CLOCK_GetEr32kClkFreq
 .text.CLOCK_GetPllFllSelClkFreq
                0x00002e4c       0x90 ./drivers/fsl_clock.o
                0x00002e4c                CLOCK_GetPllFllSelClkFreq
 .text.CLOCK_GetFreq
                0x00002edc      0x148 ./drivers/fsl_clock.o
                0x00002edc                CLOCK_GetFreq
 .text.CLOCK_SetSimConfig
                0x00003024       0x40 ./drivers/fsl_clock.o
                0x00003024                CLOCK_SetSimConfig
 .text.CLOCK_GetOutClkFreq
                0x00003064       0x90 ./drivers/fsl_clock.o
                0x00003064                CLOCK_GetOutClkFreq
 .text.CLOCK_GetFllFreq
                0x000030f4       0x84 ./drivers/fsl_clock.o
                0x000030f4                CLOCK_GetFllFreq
 .text.CLOCK_GetInternalRefClkFreq
                0x00003178       0x30 ./drivers/fsl_clock.o
                0x00003178                CLOCK_GetInternalRefClkFreq
 .text.CLOCK_GetPll0Freq
                0x000031a8       0x7c ./drivers/fsl_clock.o
                0x000031a8                CLOCK_GetPll0Freq
 .text.CLOCK_GetExtPllFreq
                0x00003224       0x18 ./drivers/fsl_clock.o
                0x00003224                CLOCK_GetExtPllFreq
 .text.CLOCK_SetExternalRefClkConfig
                0x0000323c       0x6c ./drivers/fsl_clock.o
                0x0000323c                CLOCK_SetExternalRefClkConfig
 .text.CLOCK_SetInternalRefClkConfig
                0x000032a8      0x104 ./drivers/fsl_clock.o
                0x000032a8                CLOCK_SetInternalRefClkConfig
 .text.DSPI_CommonIRQHandler
                0x000033ac       0x44 ./drivers/fsl_dspi.o
 .text.SPI0_DriverIRQHandler
                0x000033f0       0x30 ./drivers/fsl_dspi.o
                0x000033f0                SPI0_DriverIRQHandler
 .text.SPI1_DriverIRQHandler
                0x00003420       0x30 ./drivers/fsl_dspi.o
                0x00003420                SPI1_DriverIRQHandler
 .text.SPI2_DriverIRQHandler
                0x00003450       0x30 ./drivers/fsl_dspi.o
                0x00003450                SPI2_DriverIRQHandler
 .text.FTM_GetInstance
                0x00003480       0x54 ./drivers/fsl_ftm.o
 .text.FTM_SetPwmSync
                0x000034d4      0x140 ./drivers/fsl_ftm.o
 .text.FTM_SetReloadPoints
                0x00003614      0x138 ./drivers/fsl_ftm.o
 .text.FTM_Init
                0x0000374c       0xf4 ./drivers/fsl_ftm.o
                0x0000374c                FTM_Init
 .text.FTM_GetDefaultConfig
                0x00003840       0x74 ./drivers/fsl_ftm.o
                0x00003840                FTM_GetDefaultConfig
 .text.FTM_SetupPwm
                0x000038b4      0x334 ./drivers/fsl_ftm.o
                0x000038b4                FTM_SetupPwm
 .text.FTM_UpdatePwmDutycycle
                0x00003be8      0x1a4 ./drivers/fsl_ftm.o
                0x00003be8                FTM_UpdatePwmDutycycle
 .text.I2C_TransferCommonIRQHandler
                0x00003d8c       0x58 ./drivers/fsl_i2c.o
 .text.I2C0_DriverIRQHandler
                0x00003de4       0x1c ./drivers/fsl_i2c.o
                0x00003de4                I2C0_DriverIRQHandler
 .text.I2C1_DriverIRQHandler
                0x00003e00       0x1c ./drivers/fsl_i2c.o
                0x00003e00                I2C1_DriverIRQHandler
 .text.I2C2_DriverIRQHandler
                0x00003e1c       0x1c ./drivers/fsl_i2c.o
                0x00003e1c                I2C2_DriverIRQHandler
 .text.I2C3_DriverIRQHandler
                0x00003e38       0x1c ./drivers/fsl_i2c.o
                0x00003e38                I2C3_DriverIRQHandler
 .text.LPUART0_DriverIRQHandler
                0x00003e54       0x28 ./drivers/fsl_lpuart.o
                0x00003e54                LPUART0_DriverIRQHandler
 .text.UART_GetInstance
                0x00003e7c       0x54 ./drivers/fsl_uart.o
                0x00003e7c                UART_GetInstance
 .text.UART_Init
                0x00003ed0      0x2f4 ./drivers/fsl_uart.o
                0x00003ed0                UART_Init
 .text.UART_GetDefaultConfig
                0x000041c4       0x68 ./drivers/fsl_uart.o
                0x000041c4                UART_GetDefaultConfig
 .text.UART_ReadBlocking
                0x0000422c       0xfc ./drivers/fsl_uart.o
                0x0000422c                UART_ReadBlocking
 .text.UART0_DriverIRQHandler
                0x00004328       0x28 ./drivers/fsl_uart.o
                0x00004328                UART0_DriverIRQHandler
 .text.UART1_DriverIRQHandler
                0x00004350       0x28 ./drivers/fsl_uart.o
                0x00004350                UART1_DriverIRQHandler
 .text.UART2_DriverIRQHandler
                0x00004378       0x28 ./drivers/fsl_uart.o
                0x00004378                UART2_DriverIRQHandler
 .text.UART3_DriverIRQHandler
                0x000043a0       0x28 ./drivers/fsl_uart.o
                0x000043a0                UART3_DriverIRQHandler
 .text.SystemInit
                0x000043c8       0x3c ./device/system_MK66F18.o
                0x000043c8                SystemInit
 .text.CLOCK_SetSimSafeDivs
                0x00004404       0x24 ./board/clock_config.o
 .text.CLOCK_CONFIG_SetFllExtRefDiv
                0x00004428       0x3c ./board/clock_config.o
 .text.BOARD_BootClockRUN
                0x00004464       0x3c ./board/clock_config.o
                0x00004464                BOARD_BootClockRUN
 .text.BOARD_InitPins
                0x000044a0       0x30 ./board/pin_mux.o
                0x000044a0                BOARD_InitPins
 .text.malloc   0x000044d0       0xc8 c:/nxp/mcuxpressoide_11.6.1_8255/ide/plugins/com.nxp.mcuxpresso.tools.win32_11.6.1.202207200623/tools/bin/../lib/gcc/arm-none-eabi/10.3.1/../../../../arm-none-eabi/lib/thumb/v7e-m+fp/hard\libcr_c.a(alloc.o)
                0x000044d0                malloc
 .text._Csys_alloc
                0x00004598       0x20 c:/nxp/mcuxpressoide_11.6.1_8255/ide/plugins/com.nxp.mcuxpresso.tools.win32_11.6.1.202207200623/tools/bin/../lib/gcc/arm-none-eabi/10.3.1/../../../../arm-none-eabi/lib/thumb/v7e-m+fp/hard\libcr_c.a(alloc.o)
                0x00004598                _Csys_alloc
 .text._initio  0x000045b8       0x78 c:/nxp/mcuxpressoide_11.6.1_8255/ide/plugins/com.nxp.mcuxpresso.tools.win32_11.6.1.202207200623/tools/bin/../lib/gcc/arm-none-eabi/10.3.1/../../../../arm-none-eabi/lib/thumb/v7e-m+fp/hard\libcr_c.a(initio.o)
                0x000045b8                _initio
 .text.__vfprintf
                0x00004630      0xbf8 c:/nxp/mcuxpressoide_11.6.1_8255/ide/plugins/com.nxp.mcuxpresso.tools.win32_11.6.1.202207200623/tools/bin/../lib/gcc/arm-none-eabi/10.3.1/../../../../arm-none-eabi/lib/thumb/v7e-m+fp/hard\libcr_c.a(printf.o)
                0x00004630                __vfprintf
 .text._vsnprintf
                0x00005228       0x68 c:/nxp/mcuxpressoide_11.6.1_8255/ide/plugins/com.nxp.mcuxpresso.tools.win32_11.6.1.202207200623/tools/bin/../lib/gcc/arm-none-eabi/10.3.1/../../../../arm-none-eabi/lib/thumb/v7e-m+fp/hard\libcr_c.a(printf.o)
                0x00005228                _vsnprintf
 .text._printf  0x00005290       0x54 c:/nxp/mcuxpressoide_11.6.1_8255/ide/plugins/com.nxp.mcuxpresso.tools.win32_11.6.1.202207200623/tools/bin/../lib/gcc/arm-none-eabi/10.3.1/../../../../arm-none-eabi/lib/thumb/v7e-m+fp/hard\libcr_c.a(printf.o)
                0x00005290                _printf
 .text._sbrk    0x000052e4       0x3c c:/nxp/mcuxpressoide_11.6.1_8255/ide/plugins/com.nxp.mcuxpresso.tools.win32_11.6.1.202207200623/tools/bin/../lib/gcc/arm-none-eabi/10.3.1/../../../../arm-none-eabi/lib/thumb/v7e-m+fp/hard\libcr_c.a(_cr_sbrk.o)
                0x000052e4                _sbrk
 .text._Cwritebuf
                0x00005320       0x6c c:/nxp/mcuxpressoide_11.6.1_8255/ide/plugins/com.nxp.mcuxpresso.tools.win32_11.6.1.202207200623/tools/bin/../lib/gcc/arm-none-eabi/10.3.1/../../../../arm-none-eabi/lib/thumb/v7e-m+fp/hard\libcr_c.a(_writebuf.o)
                0x00005320                _Cwritebuf
 .text.fflush   0x0000538c       0x3c c:/nxp/mcuxpressoide_11.6.1_8255/ide/plugins/com.nxp.mcuxpresso.tools.win32_11.6.1.202207200623/tools/bin/../lib/gcc/arm-none-eabi/10.3.1/../../../../arm-none-eabi/lib/thumb/v7e-m+fp/hard\libcr_c.a(fflush.o)
                0x0000538c                fflush
 .text.fseek    0x000053c8       0xfc c:/nxp/mcuxpressoide_11.6.1_8255/ide/plugins/com.nxp.mcuxpresso.tools.win32_11.6.1.202207200623/tools/bin/../lib/gcc/arm-none-eabi/10.3.1/../../../../arm-none-eabi/lib/thumb/v7e-m+fp/hard\libcr_c.a(fseek.o)
                0x000053c8                fseek
 .text.ftell    0x000054c4       0x44 c:/nxp/mcuxpressoide_11.6.1_8255/ide/plugins/com.nxp.mcuxpresso.tools.win32_11.6.1.202207200623/tools/bin/../lib/gcc/arm-none-eabi/10.3.1/../../../../arm-none-eabi/lib/thumb/v7e-m+fp/hard\libcr_c.a(ftell.o)
                0x000054c4                ftell
 .text.__check_heap_overflow
                0x00005508       0x18 c:/nxp/mcuxpressoide_11.6.1_8255/ide/plugins/com.nxp.mcuxpresso.tools.win32_11.6.1.202207200623/tools/bin/../lib/gcc/arm-none-eabi/10.3.1/../../../../arm-none-eabi/lib/thumb/v7e-m+fp/hard\libcr_c.a(_cr_check_heap.o)
                0x00005508                __check_heap_overflow
 .text.__aeabi_dsub
                0x00005520      0x1ac c:/nxp/mcuxpressoide_11.6.1_8255/ide/plugins/com.nxp.mcuxpresso.tools.win32_11.6.1.202207200623/tools/bin/../lib/gcc/arm-none-eabi/10.3.1/thumb/v7e-m+fp/hard\libcr_eabihelpers.a(double.o)
                0x00005520                __aeabi_dsub
 .text.__aeabi_dadd
                0x000056cc      0x114 c:/nxp/mcuxpressoide_11.6.1_8255/ide/plugins/com.nxp.mcuxpresso.tools.win32_11.6.1.202207200623/tools/bin/../lib/gcc/arm-none-eabi/10.3.1/thumb/v7e-m+fp/hard\libcr_eabihelpers.a(double.o)
                0x000056cc                __aeabi_dadd
 .text.__aeabi_d2f
                0x000057e0       0x58 c:/nxp/mcuxpressoide_11.6.1_8255/ide/plugins/com.nxp.mcuxpresso.tools.win32_11.6.1.202207200623/tools/bin/../lib/gcc/arm-none-eabi/10.3.1/thumb/v7e-m+fp/hard\libcr_eabihelpers.a(double.o)
                0x000057e0                __aeabi_d2f
 .text.__aeabi_f2d
                0x00005838       0x38 c:/nxp/mcuxpressoide_11.6.1_8255/ide/plugins/com.nxp.mcuxpresso.tools.win32_11.6.1.202207200623/tools/bin/../lib/gcc/arm-none-eabi/10.3.1/thumb/v7e-m+fp/hard\libcr_eabihelpers.a(float.o)
                0x00005838                __aeabi_f2d
 .text.__sys_appexit
                0x00005870        0xc c:/nxp/mcuxpressoide_11.6.1_8255/ide/plugins/com.nxp.mcuxpresso.tools.win32_11.6.1.202207200623/tools/bin/../lib/gcc/arm-none-eabi/10.3.1/../../../../arm-none-eabi/lib/thumb/v7e-m+fp/hard\libcr_semihost_nf.a(__sys_appexit.o)
                0x00005870                __sys_appexit
                0x00005870                __exit
 .text.DMA0_DMA16_IRQHandler
                0x0000587c        0x8 ./startup/startup_mk66f18.o
                0x0000587c                DMA0_DMA16_IRQHandler
 .text.DMA1_DMA17_IRQHandler
                0x00005884        0x8 ./startup/startup_mk66f18.o
                0x00005884                DMA1_DMA17_IRQHandler
 .text.DMA2_DMA18_IRQHandler
                0x0000588c        0x8 ./startup/startup_mk66f18.o
                0x0000588c                DMA2_DMA18_IRQHandler
 .text.DMA3_DMA19_IRQHandler
                0x00005894        0x8 ./startup/startup_mk66f18.o
                0x00005894                DMA3_DMA19_IRQHandler
 .text.DMA4_DMA20_IRQHandler
                0x0000589c        0x8 ./startup/startup_mk66f18.o
                0x0000589c                DMA4_DMA20_IRQHandler
 .text.DMA5_DMA21_IRQHandler
                0x000058a4        0x8 ./startup/startup_mk66f18.o
                0x000058a4                DMA5_DMA21_IRQHandler
 .text.DMA6_DMA22_IRQHandler
                0x000058ac        0x8 ./startup/startup_mk66f18.o
                0x000058ac                DMA6_DMA22_IRQHandler
 .text.DMA7_DMA23_IRQHandler
                0x000058b4        0x8 ./startup/startup_mk66f18.o
                0x000058b4                DMA7_DMA23_IRQHandler
 .text.DMA8_DMA24_IRQHandler
                0x000058bc        0x8 ./startup/startup_mk66f18.o
                0x000058bc                DMA8_DMA24_IRQHandler
 .text.DMA9_DMA25_IRQHandler
                0x000058c4        0x8 ./startup/startup_mk66f18.o
                0x000058c4                DMA9_DMA25_IRQHandler
 .text.DMA10_DMA26_IRQHandler
                0x000058cc        0x8 ./startup/startup_mk66f18.o
                0x000058cc                DMA10_DMA26_IRQHandler
 .text.DMA11_DMA27_IRQHandler
                0x000058d4        0x8 ./startup/startup_mk66f18.o
                0x000058d4                DMA11_DMA27_IRQHandler
 .text.DMA12_DMA28_IRQHandler
                0x000058dc        0x8 ./startup/startup_mk66f18.o
                0x000058dc                DMA12_DMA28_IRQHandler
 .text.DMA13_DMA29_IRQHandler
                0x000058e4        0x8 ./startup/startup_mk66f18.o
                0x000058e4                DMA13_DMA29_IRQHandler
 .text.DMA14_DMA30_IRQHandler
                0x000058ec        0x8 ./startup/startup_mk66f18.o
                0x000058ec                DMA14_DMA30_IRQHandler
 .text.DMA15_DMA31_IRQHandler
                0x000058f4        0x8 ./startup/startup_mk66f18.o
                0x000058f4                DMA15_DMA31_IRQHandler
 .text.DMA_Error_IRQHandler
                0x000058fc        0x8 ./startup/startup_mk66f18.o
                0x000058fc                DMA_Error_IRQHandler
 .text.MCM_IRQHandler
                0x00005904        0x8 ./startup/startup_mk66f18.o
                0x00005904                MCM_IRQHandler
 .text.FTFE_IRQHandler
                0x0000590c        0x8 ./startup/startup_mk66f18.o
                0x0000590c                FTFE_IRQHandler
 .text.Read_Collision_IRQHandler
                0x00005914        0x8 ./startup/startup_mk66f18.o
                0x00005914                Read_Collision_IRQHandler
 .text.LVD_LVW_IRQHandler
                0x0000591c        0x8 ./startup/startup_mk66f18.o
                0x0000591c                LVD_LVW_IRQHandler
 .text.LLWU_IRQHandler
                0x00005924        0x8 ./startup/startup_mk66f18.o
                0x00005924                LLWU_IRQHandler
 .text.WDOG_EWM_IRQHandler
                0x0000592c        0x8 ./startup/startup_mk66f18.o
                0x0000592c                WDOG_EWM_IRQHandler
 .text.RNG_IRQHandler
                0x00005934        0x8 ./startup/startup_mk66f18.o
                0x00005934                RNG_IRQHandler
 .text.I2C0_IRQHandler
                0x0000593c        0x8 ./startup/startup_mk66f18.o
                0x0000593c                I2C0_IRQHandler
 .text.I2C1_IRQHandler
                0x00005944        0x8 ./startup/startup_mk66f18.o
                0x00005944                I2C1_IRQHandler
 .text.SPI0_IRQHandler
                0x0000594c        0x8 ./startup/startup_mk66f18.o
                0x0000594c                SPI0_IRQHandler
 .text.SPI1_IRQHandler
                0x00005954        0x8 ./startup/startup_mk66f18.o
                0x00005954                SPI1_IRQHandler
 .text.I2S0_Tx_IRQHandler
                0x0000595c        0x8 ./startup/startup_mk66f18.o
                0x0000595c                I2S0_Tx_IRQHandler
 .text.I2S0_Rx_IRQHandler
                0x00005964        0x8 ./startup/startup_mk66f18.o
                0x00005964                I2S0_Rx_IRQHandler
 .text.Reserved46_IRQHandler
                0x0000596c        0x8 ./startup/startup_mk66f18.o
                0x0000596c                Reserved46_IRQHandler
 .text.UART0_RX_TX_IRQHandler
                0x00005974        0x8 ./startup/startup_mk66f18.o
                0x00005974                UART0_RX_TX_IRQHandler
 .text.UART0_ERR_IRQHandler
                0x0000597c        0x8 ./startup/startup_mk66f18.o
                0x0000597c                UART0_ERR_IRQHandler
 .text.UART1_RX_TX_IRQHandler
                0x00005984        0x8 ./startup/startup_mk66f18.o
                0x00005984                UART1_RX_TX_IRQHandler
 .text.UART1_ERR_IRQHandler
                0x0000598c        0x8 ./startup/startup_mk66f18.o
                0x0000598c                UART1_ERR_IRQHandler
 .text.UART2_RX_TX_IRQHandler
                0x00005994        0x8 ./startup/startup_mk66f18.o
                0x00005994                UART2_RX_TX_IRQHandler
 .text.UART2_ERR_IRQHandler
                0x0000599c        0x8 ./startup/startup_mk66f18.o
                0x0000599c                UART2_ERR_IRQHandler
 .text.UART3_RX_TX_IRQHandler
                0x000059a4        0x8 ./startup/startup_mk66f18.o
                0x000059a4                UART3_RX_TX_IRQHandler
 .text.UART3_ERR_IRQHandler
                0x000059ac        0x8 ./startup/startup_mk66f18.o
                0x000059ac                UART3_ERR_IRQHandler
 .text.ADC0_IRQHandler
                0x000059b4        0x8 ./startup/startup_mk66f18.o
                0x000059b4                ADC0_IRQHandler
 .text.CMP0_IRQHandler
                0x000059bc        0x8 ./startup/startup_mk66f18.o
                0x000059bc                CMP0_IRQHandler
 .text.CMP1_IRQHandler
                0x000059c4        0x8 ./startup/startup_mk66f18.o
                0x000059c4                CMP1_IRQHandler
 .text.FTM0_IRQHandler
                0x000059cc        0x8 ./startup/startup_mk66f18.o
                0x000059cc                FTM0_IRQHandler
 .text.FTM1_IRQHandler
                0x000059d4        0x8 ./startup/startup_mk66f18.o
                0x000059d4                FTM1_IRQHandler
 .text.FTM2_IRQHandler
                0x000059dc        0x8 ./startup/startup_mk66f18.o
                0x000059dc                FTM2_IRQHandler
 .text.CMT_IRQHandler
                0x000059e4        0x8 ./startup/startup_mk66f18.o
                0x000059e4                CMT_IRQHandler
 .text.RTC_IRQHandler
                0x000059ec        0x8 ./startup/startup_mk66f18.o
                0x000059ec                RTC_IRQHandler
 .text.RTC_Seconds_IRQHandler
                0x000059f4        0x8 ./startup/startup_mk66f18.o
                0x000059f4                RTC_Seconds_IRQHandler
 .text.PIT0_IRQHandler
                0x000059fc        0x8 ./startup/startup_mk66f18.o
                0x000059fc                PIT0_IRQHandler
 .text.PIT1_IRQHandler
                0x00005a04        0x8 ./startup/startup_mk66f18.o
                0x00005a04                PIT1_IRQHandler
 .text.PIT2_IRQHandler
                0x00005a0c        0x8 ./startup/startup_mk66f18.o
                0x00005a0c                PIT2_IRQHandler
 .text.PIT3_IRQHandler
                0x00005a14        0x8 ./startup/startup_mk66f18.o
                0x00005a14                PIT3_IRQHandler
 .text.PDB0_IRQHandler
                0x00005a1c        0x8 ./startup/startup_mk66f18.o
                0x00005a1c                PDB0_IRQHandler
 .text.USB0_IRQHandler
                0x00005a24        0x8 ./startup/startup_mk66f18.o
                0x00005a24                USB0_IRQHandler
 .text.USBDCD_IRQHandler
                0x00005a2c        0x8 ./startup/startup_mk66f18.o
                0x00005a2c                USBDCD_IRQHandler
 .text.Reserved71_IRQHandler
                0x00005a34        0x8 ./startup/startup_mk66f18.o
                0x00005a34                Reserved71_IRQHandler
 .text.DAC0_IRQHandler
                0x00005a3c        0x8 ./startup/startup_mk66f18.o
                0x00005a3c                DAC0_IRQHandler
 .text.MCG_IRQHandler
                0x00005a44        0x8 ./startup/startup_mk66f18.o
                0x00005a44                MCG_IRQHandler
 .text.LPTMR0_IRQHandler
                0x00005a4c        0x8 ./startup/startup_mk66f18.o
                0x00005a4c                LPTMR0_IRQHandler
 .text.PORTA_IRQHandler
                0x00005a54        0x8 ./startup/startup_mk66f18.o
                0x00005a54                PORTA_IRQHandler
 .text.PORTB_IRQHandler
                0x00005a5c        0x8 ./startup/startup_mk66f18.o
                0x00005a5c                PORTB_IRQHandler
 .text.PORTC_IRQHandler
                0x00005a64        0x8 ./startup/startup_mk66f18.o
                0x00005a64                PORTC_IRQHandler
 .text.PORTD_IRQHandler
                0x00005a6c        0x8 ./startup/startup_mk66f18.o
                0x00005a6c                PORTD_IRQHandler
 .text.PORTE_IRQHandler
                0x00005a74        0x8 ./startup/startup_mk66f18.o
                0x00005a74                PORTE_IRQHandler
 .text.SWI_IRQHandler
                0x00005a7c        0x8 ./startup/startup_mk66f18.o
                0x00005a7c                SWI_IRQHandler
 .text.SPI2_IRQHandler
                0x00005a84        0x8 ./startup/startup_mk66f18.o
                0x00005a84                SPI2_IRQHandler
 .text.UART4_ERR_IRQHandler
                0x00005a8c        0x8 ./startup/startup_mk66f18.o
                0x00005a8c                UART4_ERR_IRQHandler
 .text.Reserved84_IRQHandler
                0x00005a94        0x8 ./startup/startup_mk66f18.o
                0x00005a94                Reserved84_IRQHandler
 .text.Reserved85_IRQHandler
                0x00005a9c        0x8 ./startup/startup_mk66f18.o
                0x00005a9c                Reserved85_IRQHandler
 .text.CMP2_IRQHandler
                0x00005aa4        0x8 ./startup/startup_mk66f18.o
                0x00005aa4                CMP2_IRQHandler
 .text.FTM3_IRQHandler
                0x00005aac        0x8 ./startup/startup_mk66f18.o
                0x00005aac                FTM3_IRQHandler
 .text.DAC1_IRQHandler
                0x00005ab4        0x8 ./startup/startup_mk66f18.o
                0x00005ab4                DAC1_IRQHandler
 .text.ADC1_IRQHandler
                0x00005abc        0x8 ./startup/startup_mk66f18.o
                0x00005abc                ADC1_IRQHandler
 .text.I2C2_IRQHandler
                0x00005ac4        0x8 ./startup/startup_mk66f18.o
                0x00005ac4                I2C2_IRQHandler
 .text.CAN0_ORed_Message_buffer_IRQHandler
                0x00005acc        0x8 ./startup/startup_mk66f18.o
                0x00005acc                CAN0_ORed_Message_buffer_IRQHandler
 .text.CAN0_Bus_Off_IRQHandler
                0x00005ad4        0x8 ./startup/startup_mk66f18.o
                0x00005ad4                CAN0_Bus_Off_IRQHandler
 .text.CAN0_Error_IRQHandler
                0x00005adc        0x8 ./startup/startup_mk66f18.o
                0x00005adc                CAN0_Error_IRQHandler
 .text.CAN0_Tx_Warning_IRQHandler
                0x00005ae4        0x8 ./startup/startup_mk66f18.o
                0x00005ae4                CAN0_Tx_Warning_IRQHandler
 .text.CAN0_Rx_Warning_IRQHandler
                0x00005aec        0x8 ./startup/startup_mk66f18.o
                0x00005aec                CAN0_Rx_Warning_IRQHandler
 .text.CAN0_Wake_Up_IRQHandler
                0x00005af4        0x8 ./startup/startup_mk66f18.o
                0x00005af4                CAN0_Wake_Up_IRQHandler
 .text.SDHC_IRQHandler
                0x00005afc        0x8 ./startup/startup_mk66f18.o
                0x00005afc                SDHC_IRQHandler
 .text.ENET_1588_Timer_IRQHandler
                0x00005b04        0x8 ./startup/startup_mk66f18.o
                0x00005b04                ENET_1588_Timer_IRQHandler
 .text.ENET_Transmit_IRQHandler
                0x00005b0c        0x8 ./startup/startup_mk66f18.o
                0x00005b0c                ENET_Transmit_IRQHandler
 .text.ENET_Receive_IRQHandler
                0x00005b14        0x8 ./startup/startup_mk66f18.o
                0x00005b14                ENET_Receive_IRQHandler
 .text.ENET_Error_IRQHandler
                0x00005b1c        0x8 ./startup/startup_mk66f18.o
                0x00005b1c                ENET_Error_IRQHandler
 .text.LPUART0_IRQHandler
                0x00005b24        0x8 ./startup/startup_mk66f18.o
                0x00005b24                LPUART0_IRQHandler
 .text.TSI0_IRQHandler
                0x00005b2c        0x8 ./startup/startup_mk66f18.o
                0x00005b2c                TSI0_IRQHandler
 .text.TPM1_IRQHandler
                0x00005b34        0x8 ./startup/startup_mk66f18.o
                0x00005b34                TPM1_IRQHandler
 .text.TPM2_IRQHandler
                0x00005b3c        0x8 ./startup/startup_mk66f18.o
                0x00005b3c                TPM2_IRQHandler
 .text.USBHSDCD_IRQHandler
                0x00005b44        0x8 ./startup/startup_mk66f18.o
                0x00005b44                USBHSDCD_IRQHandler
 .text.I2C3_IRQHandler
                0x00005b4c        0x8 ./startup/startup_mk66f18.o
                0x00005b4c                I2C3_IRQHandler
 .text.CMP3_IRQHandler
                0x00005b54        0x8 ./startup/startup_mk66f18.o
                0x00005b54                CMP3_IRQHandler
 .text.USBHS_IRQHandler
                0x00005b5c        0x8 ./startup/startup_mk66f18.o
                0x00005b5c                USBHS_IRQHandler
 .text.CAN1_ORed_Message_buffer_IRQHandler
                0x00005b64        0x8 ./startup/startup_mk66f18.o
                0x00005b64                CAN1_ORed_Message_buffer_IRQHandler
 .text.CAN1_Bus_Off_IRQHandler
                0x00005b6c        0x8 ./startup/startup_mk66f18.o
                0x00005b6c                CAN1_Bus_Off_IRQHandler
 .text.CAN1_Error_IRQHandler
                0x00005b74        0x8 ./startup/startup_mk66f18.o
                0x00005b74                CAN1_Error_IRQHandler
 .text.CAN1_Tx_Warning_IRQHandler
                0x00005b7c        0x8 ./startup/startup_mk66f18.o
                0x00005b7c                CAN1_Tx_Warning_IRQHandler
 .text.CAN1_Rx_Warning_IRQHandler
                0x00005b84        0x8 ./startup/startup_mk66f18.o
                0x00005b84                CAN1_Rx_Warning_IRQHandler
 .text.CAN1_Wake_Up_IRQHandler
                0x00005b8c        0x8 ./startup/startup_mk66f18.o
                0x00005b8c                CAN1_Wake_Up_IRQHandler
 .text.PORT_SetPinMux
                0x00005b94       0x3a ./source/LED_Component.o
 .text.FTM_StartTimer
                0x00005bce       0x3a ./source/LED_Component.o
 .text.FTM_SetSoftwareTrigger
                0x00005c08       0x38 ./source/LED_Component.o
 .text.PORT_SetPinMux
                0x00005c40       0x3a ./source/Motor_Control_Component.o
 .text.FTM_StartTimer
                0x00005c7a       0x3a ./source/Motor_Control_Component.o
 .text.FTM_SetSoftwareTrigger
                0x00005cb4       0x38 ./source/Motor_Control_Component.o
 .text.setupPWM
                0x00005cec       0x72 ./source/Motor_Control_Component.o
                0x00005cec                setupPWM
 .text.PORT_SetPinMux
                0x00005d5e       0x3a ./source/RC_Receiver_Component.o
 .text.UART_ReadByte
                0x00005d98       0x1a ./source/Terminal_Component.o
 .text.main     0x00005db2       0x1e ./source/freertos_hello.o
                0x00005db2                main
 .text.HardFault_Handler
                0x00005dd0       0x2c ./source/semihost_hardfault.o
                0x00005dd0                HardFault_Handler
 .text.xEventGroupSetBits
                0x00005dfc      0x116 ./freertos/freertos_kernel/event_groups.o
                0x00005dfc                xEventGroupSetBits
 .text.vListInitialise
                0x00005f12       0x40 ./freertos/freertos_kernel/list.o
                0x00005f12                vListInitialise
 .text.vListInitialiseItem
                0x00005f52       0x1a ./freertos/freertos_kernel/list.o
                0x00005f52                vListInitialiseItem
 .text.vListInsertEnd
                0x00005f6c       0x48 ./freertos/freertos_kernel/list.o
                0x00005f6c                vListInsertEnd
 .text.vListInsert
                0x00005fb4       0x72 ./freertos/freertos_kernel/list.o
                0x00005fb4                vListInsert
 .text.uxListRemove
                0x00006026       0x54 ./freertos/freertos_kernel/list.o
                0x00006026                uxListRemove
 .text.xQueueGenericCreate
                0x0000607a       0xbe ./freertos/freertos_kernel/queue.o
                0x0000607a                xQueueGenericCreate
 .text.prvInitialiseNewQueue
                0x00006138       0x46 ./freertos/freertos_kernel/queue.o
 .text.xQueueGenericSendFromISR
                0x0000617e      0x154 ./freertos/freertos_kernel/queue.o
                0x0000617e                xQueueGenericSendFromISR
 .text.prvCopyDataToQueue
                0x000062d2       0xd4 ./freertos/freertos_kernel/queue.o
 .text.prvCopyDataFromQueue
                0x000063a6       0x4c ./freertos/freertos_kernel/queue.o
 .text.prvUnlockQueue
                0x000063f2       0xa4 ./freertos/freertos_kernel/queue.o
 .text.prvIsQueueEmpty
                0x00006496       0x2c ./freertos/freertos_kernel/queue.o
 .text.prvIsQueueFull
                0x000064c2       0x30 ./freertos/freertos_kernel/queue.o
 .text.vQueueWaitForMessageRestricted
                0x000064f2       0x68 ./freertos/freertos_kernel/queue.o
                0x000064f2                vQueueWaitForMessageRestricted
 .text.xTaskCreate
                0x0000655a       0x82 ./freertos/freertos_kernel/tasks.o
                0x0000655a                xTaskCreate
 .text.prvInitialiseNewTask
                0x000065dc      0x13a ./freertos/freertos_kernel/tasks.o
 .text.prvDeleteTCB
                0x00006716       0x20 ./freertos/freertos_kernel/tasks.o
 .text.prvTimerTask
                0x00006736       0x24 ./freertos/freertos_kernel/timers.o
 .text.CLOCK_GetPll0RefFreq
                0x0000675a        0xe ./drivers/fsl_clock.o
 .text.CLOCK_GetFixedFreqClkFreq
                0x00006768       0x34 ./drivers/fsl_clock.o
                0x00006768                CLOCK_GetFixedFreqClkFreq
 .text.DSPI_IsMaster
                0x0000679c       0x26 ./drivers/fsl_dspi.o
 .text.CLOCK_EnableClock
                0x000067c2       0x34 ./drivers/fsl_ftm.o
 .text.FTM_SetDeadTimeEnable
                0x000067f6       0x52 ./drivers/fsl_ftm.o
 .text.FTM_SetComplementaryEnable
                0x00006848       0x52 ./drivers/fsl_ftm.o
 .text.CLOCK_EnableClock
                0x0000689a       0x34 ./drivers/fsl_uart.o
 .text.UART_GetStatusFlags
                0x000068ce       0x48 ./drivers/fsl_uart.o
                0x000068ce                UART_GetStatusFlags
 .text.UART_ClearStatusFlags
                0x00006916       0x80 ./drivers/fsl_uart.o
                0x00006916                UART_ClearStatusFlags
 .text.UART0_RX_TX_DriverIRQHandler
                0x00006996       0x12 ./drivers/fsl_uart.o
                0x00006996                UART0_RX_TX_DriverIRQHandler
 .text.UART1_RX_TX_DriverIRQHandler
                0x000069a8       0x12 ./drivers/fsl_uart.o
                0x000069a8                UART1_RX_TX_DriverIRQHandler
 .text.UART2_RX_TX_DriverIRQHandler
                0x000069ba       0x12 ./drivers/fsl_uart.o
                0x000069ba                UART2_RX_TX_DriverIRQHandler
 .text.UART3_RX_TX_DriverIRQHandler
                0x000069cc       0x12 ./drivers/fsl_uart.o
                0x000069cc                UART3_RX_TX_DriverIRQHandler
 .text.SystemInitHook
                0x000069de        0xe ./device/system_MK66F18.o
                0x000069de                SystemInitHook
 .text.BOARD_InitBootClocks
                0x000069ec        0xc ./board/clock_config.o
                0x000069ec                BOARD_InitBootClocks
 .text.CLOCK_EnableClock
                0x000069f8       0x34 ./board/pin_mux.o
 .text.BOARD_InitBootPins
                0x00006a2c        0xc ./board/pin_mux.o
                0x00006a2c                BOARD_InitBootPins
 .text.__main   0x00006a38        0xe c:/nxp/mcuxpressoide_11.6.1_8255/ide/plugins/com.nxp.mcuxpresso.tools.win32_11.6.1.202207200623/tools/bin/../lib/gcc/arm-none-eabi/10.3.1/../../../../arm-none-eabi/lib/thumb/v7e-m+fp/hard\libcr_semihost_nf.a(_cr__main.o)
                0x00006a38                __CR_SEMIHOST
                0x00006a38                __main
 .text.memcpy   0x00006a46        0x4 c:/nxp/mcuxpressoide_11.6.1_8255/ide/plugins/com.nxp.mcuxpresso.tools.win32_11.6.1.202207200623/tools/bin/../lib/gcc/arm-none-eabi/10.3.1/../../../../arm-none-eabi/lib/thumb/v7e-m+fp/hard\libcr_c.a(memcpy.o)
                0x00006a46                memcpy
 .text.memset   0x00006a4a        0x4 c:/nxp/mcuxpressoide_11.6.1_8255/ide/plugins/com.nxp.mcuxpresso.tools.win32_11.6.1.202207200623/tools/bin/../lib/gcc/arm-none-eabi/10.3.1/../../../../arm-none-eabi/lib/thumb/v7e-m+fp/hard\libcr_c.a(memset.o)
                0x00006a4a                memset
 .text.free     0x00006a4e       0x30 c:/nxp/mcuxpressoide_11.6.1_8255/ide/plugins/com.nxp.mcuxpresso.tools.win32_11.6.1.202207200623/tools/bin/../lib/gcc/arm-none-eabi/10.3.1/../../../../arm-none-eabi/lib/thumb/v7e-m+fp/hard\libcr_c.a(alloc.o)
                0x00006a4e                free
 .text.no_fp_display
                0x00006a7e        0x4 c:/nxp/mcuxpressoide_11.6.1_8255/ide/plugins/com.nxp.mcuxpresso.tools.win32_11.6.1.202207200623/tools/bin/../lib/gcc/arm-none-eabi/10.3.1/../../../../arm-none-eabi/lib/thumb/v7e-m+fp/hard\libcr_c.a(printf.o)
 .text.setvbuf  0x00006a82       0x3e c:/nxp/mcuxpressoide_11.6.1_8255/ide/plugins/com.nxp.mcuxpresso.tools.win32_11.6.1.202207200623/tools/bin/../lib/gcc/arm-none-eabi/10.3.1/../../../../arm-none-eabi/lib/thumb/v7e-m+fp/hard\libcr_c.a(setvbuf.o)
                0x00006a82                setvbuf
 .text.strlen   0x00006ac0       0x48 c:/nxp/mcuxpressoide_11.6.1_8255/ide/plugins/com.nxp.mcuxpresso.tools.win32_11.6.1.202207200623/tools/bin/../lib/gcc/arm-none-eabi/10.3.1/../../../../arm-none-eabi/lib/thumb/v7e-m+fp/hard\libcr_c.a(strlen.o)
                0x00006ac0                strlen
 .text._deferredlazyseek
                0x00006b08       0x40 c:/nxp/mcuxpressoide_11.6.1_8255/ide/plugins/com.nxp.mcuxpresso.tools.win32_11.6.1.202207200623/tools/bin/../lib/gcc/arm-none-eabi/10.3.1/../../../../arm-none-eabi/lib/thumb/v7e-m+fp/hard\libcr_c.a(_deferredlazyseek.o)
                0x00006b08                _deferredlazyseek
 .text.__flsbuf
                0x00006b48      0x140 c:/nxp/mcuxpressoide_11.6.1_8255/ide/plugins/com.nxp.mcuxpresso.tools.win32_11.6.1.202207200623/tools/bin/../lib/gcc/arm-none-eabi/10.3.1/../../../../arm-none-eabi/lib/thumb/v7e-m+fp/hard\libcr_c.a(_deferredlazyseek.o)
                0x00006b48                __flsbuf
 .text._fdopen  0x00006c88       0x68 c:/nxp/mcuxpressoide_11.6.1_8255/ide/plugins/com.nxp.mcuxpresso.tools.win32_11.6.1.202207200623/tools/bin/../lib/gcc/arm-none-eabi/10.3.1/../../../../arm-none-eabi/lib/thumb/v7e-m+fp/hard\libcr_c.a(_fdopen.o)
                0x00006c88                _fdopen
 .text._fflush  0x00006cf0       0x52 c:/nxp/mcuxpressoide_11.6.1_8255/ide/plugins/com.nxp.mcuxpresso.tools.win32_11.6.1.202207200623/tools/bin/../lib/gcc/arm-none-eabi/10.3.1/../../../../arm-none-eabi/lib/thumb/v7e-m+fp/hard\libcr_c.a(_fflush.o)
                0x00006cf0                _fflush
 .text.fclose   0x00006d42       0x58 c:/nxp/mcuxpressoide_11.6.1_8255/ide/plugins/com.nxp.mcuxpresso.tools.win32_11.6.1.202207200623/tools/bin/../lib/gcc/arm-none-eabi/10.3.1/../../../../arm-none-eabi/lib/thumb/v7e-m+fp/hard\libcr_c.a(fclose.o)
                0x00006d42                fclose
 .text.remove   0x00006d9a       0x14 c:/nxp/mcuxpressoide_11.6.1_8255/ide/plugins/com.nxp.mcuxpresso.tools.win32_11.6.1.202207200623/tools/bin/../lib/gcc/arm-none-eabi/10.3.1/../../../../arm-none-eabi/lib/thumb/v7e-m+fp/hard\libcr_c.a(remove.o)
                0x00006d9a                remove
 .text._do_fflush
                0x00006dae       0x40 c:/nxp/mcuxpressoide_11.6.1_8255/ide/plugins/com.nxp.mcuxpresso.tools.win32_11.6.1.202207200623/tools/bin/../lib/gcc/arm-none-eabi/10.3.1/../../../../arm-none-eabi/lib/thumb/v7e-m+fp/hard\libcr_c.a(_do_fflush.o)
                0x00006dae                _do_fflush
 .text.__aeabi_memcpy
                0x00006dee       0x34 c:/nxp/mcuxpressoide_11.6.1_8255/ide/plugins/com.nxp.mcuxpresso.tools.win32_11.6.1.202207200623/tools/bin/../lib/gcc/arm-none-eabi/10.3.1/thumb/v7e-m+fp/hard\libcr_eabihelpers.a(memcpy.o)
                0x00006dee                __aeabi_memcpy
                0x00006df8                __aeabi_memcpy8
                0x00006df8                __aeabi_memcpy4
 .text.__aeabi_memset_lowlevel
                0x00006e22       0x32 c:/nxp/mcuxpressoide_11.6.1_8255/ide/plugins/com.nxp.mcuxpresso.tools.win32_11.6.1.202207200623/tools/bin/../lib/gcc/arm-none-eabi/10.3.1/thumb/v7e-m+fp/hard\libcr_eabihelpers.a(memcpy.o)
                0x00006e22                __aeabi_lowlevel_memset
 .text.__sys_close
                0x00006e54        0xc c:/nxp/mcuxpressoide_11.6.1_8255/ide/plugins/com.nxp.mcuxpresso.tools.win32_11.6.1.202207200623/tools/bin/../lib/gcc/arm-none-eabi/10.3.1/../../../../arm-none-eabi/lib/thumb/v7e-m+fp/hard\libcr_semihost_nf.a(__sys_close.o)
                0x00006e54                __sys_close
 .text.__sys_flen
                0x00006e60        0xc c:/nxp/mcuxpressoide_11.6.1_8255/ide/plugins/com.nxp.mcuxpresso.tools.win32_11.6.1.202207200623/tools/bin/../lib/gcc/arm-none-eabi/10.3.1/../../../../arm-none-eabi/lib/thumb/v7e-m+fp/hard\libcr_semihost_nf.a(__sys_flen.o)
                0x00006e60                __sys_flen
 .text.__sys_istty
                0x00006e6c        0xc c:/nxp/mcuxpressoide_11.6.1_8255/ide/plugins/com.nxp.mcuxpresso.tools.win32_11.6.1.202207200623/tools/bin/../lib/gcc/arm-none-eabi/10.3.1/../../../../arm-none-eabi/lib/thumb/v7e-m+fp/hard\libcr_semihost_nf.a(__sys_istty.o)
                0x00006e6c                __sys_istty
 .text.__sys_remove
                0x00006e78        0xc c:/nxp/mcuxpressoide_11.6.1_8255/ide/plugins/com.nxp.mcuxpresso.tools.win32_11.6.1.202207200623/tools/bin/../lib/gcc/arm-none-eabi/10.3.1/../../../../arm-none-eabi/lib/thumb/v7e-m+fp/hard\libcr_semihost_nf.a(__sys_remove.o)
                0x00006e78                __sys_remove
 .text.__sys_seek
                0x00006e84        0xc c:/nxp/mcuxpressoide_11.6.1_8255/ide/plugins/com.nxp.mcuxpresso.tools.win32_11.6.1.202207200623/tools/bin/../lib/gcc/arm-none-eabi/10.3.1/../../../../arm-none-eabi/lib/thumb/v7e-m+fp/hard\libcr_semihost_nf.a(__sys_seek.o)
                0x00006e84                __sys_seek
 .text.__sys_tmpnam
                0x00006e90        0xc c:/nxp/mcuxpressoide_11.6.1_8255/ide/plugins/com.nxp.mcuxpresso.tools.win32_11.6.1.202207200623/tools/bin/../lib/gcc/arm-none-eabi/10.3.1/../../../../arm-none-eabi/lib/thumb/v7e-m+fp/hard\libcr_semihost_nf.a(__sys_tmpnam.o)
                0x00006e90                __sys_tmpnam
 .text.__sys_write
                0x00006e9c        0xc c:/nxp/mcuxpressoide_11.6.1_8255/ide/plugins/com.nxp.mcuxpresso.tools.win32_11.6.1.202207200623/tools/bin/../lib/gcc/arm-none-eabi/10.3.1/../../../../arm-none-eabi/lib/thumb/v7e-m+fp/hard\libcr_semihost_nf.a(__sys_write.o)
                0x00006e9c                __sys_write
 *freertos*/tasks.o(SORT_BY_ALIGNMENT(.rodata*))
 .rodata.vTaskStartScheduler.str1.4
                0x00006ea8        0x5 ./freertos/freertos_kernel/tasks.o
 *(SORT_BY_ALIGNMENT(.rodata) SORT_BY_ALIGNMENT(.rodata.*) SORT_BY_ALIGNMENT(.constdata) SORT_BY_ALIGNMENT(.constdata.*))
 *fill*         0x00006ead        0x3 ff
 .rodata.__assertion_failed.str1.4
                0x00006eb0       0x14 ./utilities/fsl_assert.o
 .rodata.setupLEDComponent.str1.4
                0x00006ec4       0x25 ./source/LED_Component.o
 *fill*         0x00006ee9        0x3 ff
 .rodata.ledTask.str1.4
                0x00006eec       0x19 ./source/LED_Component.o
 *fill*         0x00006f05        0x3 ff
 .rodata.setupMotorComponent.str1.4
                0x00006f08        0xe ./source/Motor_Control_Component.o
                                 0x2a (size before relaxing)
 .rodata.motorTask.str1.4
                0x00006f16       0x19 ./source/Motor_Control_Component.o
 .rodata.setupRCReceiverComponent.str1.4
                0x00006f16        0x9 ./source/RC_Receiver_Component.o
 *fill*         0x00006f16        0x2 ff
 .rodata.rcTask.str1.4
                0x00006f18       0x8e ./source/RC_Receiver_Component.o
 *fill*         0x00006fa6        0x2 ff
 .rodata.xTimerCreateTimerTask.str1.4
                0x00006fa8        0x8 ./freertos/freertos_kernel/timers.o
 .rodata.prvCheckForValidListAndQueue.str1.4
                0x00006fb0        0x5 ./freertos/freertos_kernel/timers.o
 *fill*         0x00006fb5        0x3 ff
 .rodata.CLOCK_GetMcgExtClkFreq.str1.4
                0x00006fb8       0x49 ./drivers/fsl_clock.o
 *fill*         0x00007001        0x3 ff
 .rodata.CLOCK_GetOsc0ErClkUndivFreq.str1.4
                0x00007004       0x1e ./drivers/fsl_clock.o
 *fill*         0x00007022        0x2 ff
 .rodata.CLOCK_GetOsc0ErClkDivFreq.str1.4
                0x00007024       0x1e ./drivers/fsl_clock.o
 *fill*         0x00007042        0x2 ff
 .rodata.CLOCK_GetEr32kClkFreq.str1.4
                0x00007044       0x1f ./drivers/fsl_clock.o
 *fill*         0x00007063        0x1 ff
 .rodata.CLOCK_GetPll0Freq.str1.4
                0x00007064       0x1d ./drivers/fsl_clock.o
 *fill*         0x00007081        0x3 ff
 .rodata.fllFactorTable.1
                0x00007084       0x10 ./drivers/fsl_clock.o
 .rodata.SPI0_DriverIRQHandler.str1.4
                0x00007094       0x2a ./drivers/fsl_dspi.o
 *fill*         0x000070be        0x2 ff
 .rodata.SPI1_DriverIRQHandler.str1.4
                0x000070c0       0x2a ./drivers/fsl_dspi.o
 *fill*         0x000070ea        0x2 ff
 .rodata.SPI2_DriverIRQHandler.str1.4
                0x000070ec       0x2a ./drivers/fsl_dspi.o
 *fill*         0x00007116        0x2 ff
 .rodata.s_ftmBases
                0x00007118       0x10 ./drivers/fsl_ftm.o
 .rodata.s_ftmClocks
                0x00007128       0x10 ./drivers/fsl_ftm.o
 .rodata.FTM_GetInstance.str1.4
                0x00007138       0x28 ./drivers/fsl_ftm.o
 .rodata.FTM_SetPwmSync.str1.4
                0x00007160       0x3a ./drivers/fsl_ftm.o
 *fill*         0x0000719a        0x2 ff
 .rodata.FTM_SetReloadPoints.str1.4
                0x0000719c       0x20 ./drivers/fsl_ftm.o
 .rodata.FTM_Init.str1.4
                0x000071bc       0x17 ./drivers/fsl_ftm.o
 *fill*         0x000071d3        0x1 ff
 .rodata.FTM_GetDefaultConfig.str1.4
                0x000071d4       0x1f ./drivers/fsl_ftm.o
 *fill*         0x000071f3        0x1 ff
 .rodata.FTM_SetupPwm.str1.4
                0x000071f4       0x23 ./drivers/fsl_ftm.o
 *fill*         0x00007217        0x1 ff
 .rodata.s_uartBases
                0x00007218       0x14 ./drivers/fsl_uart.o
 .rodata.s_uartClock
                0x0000722c       0x14 ./drivers/fsl_uart.o
 .rodata.UART_GetInstance.str1.4
                0x00007240       0x2b ./drivers/fsl_uart.o
 *fill*         0x0000726b        0x1 ff
 .rodata.UART_Init.str1.4
                0x0000726c       0xfb ./drivers/fsl_uart.o
 *fill*         0x00007367        0x1 ff
 .rodata.UART_GetDefaultConfig.str1.4
                0x00007368       0x20 ./drivers/fsl_uart.o
 .rodata.UART_ReadBlocking.str1.4
                0x00007388       0x1e ./drivers/fsl_uart.o
 *fill*         0x000073a6        0x2 ff
 .rodata.simConfig_BOARD_BootClockRUN
                0x000073a8        0x8 ./board/clock_config.o
                0x000073a8                simConfig_BOARD_BootClockRUN
 .rodata.__num_Ciob_streams
                0x000073b0        0x4 c:/nxp/mcuxpressoide_11.6.1_8255/ide/plugins/com.nxp.mcuxpresso.tools.win32_11.6.1.202207200623/tools/bin/../lib/gcc/arm-none-eabi/10.3.1/../../../../arm-none-eabi/lib/thumb/v7e-m+fp/hard\libcr_semihost_nf.a(__ciob.o)
                0x000073b0                __num_Ciob_streams
 .rodata._Csys_alloc.str1.1
                0x000073b4       0x18 c:/nxp/mcuxpressoide_11.6.1_8255/ide/plugins/com.nxp.mcuxpresso.tools.win32_11.6.1.202207200623/tools/bin/../lib/gcc/arm-none-eabi/10.3.1/../../../../arm-none-eabi/lib/thumb/v7e-m+fp/hard\libcr_c.a(alloc.o)
 .rodata._initio.str1.1
                0x000073cc        0x4 c:/nxp/mcuxpressoide_11.6.1_8255/ide/plugins/com.nxp.mcuxpresso.tools.win32_11.6.1.202207200623/tools/bin/../lib/gcc/arm-none-eabi/10.3.1/../../../../arm-none-eabi/lib/thumb/v7e-m+fp/hard\libcr_c.a(initio.o)
 .rodata.__vfprintf.str1.1
                0x000073d0       0x37 c:/nxp/mcuxpressoide_11.6.1_8255/ide/plugins/com.nxp.mcuxpresso.tools.win32_11.6.1.202207200623/tools/bin/../lib/gcc/arm-none-eabi/10.3.1/../../../../arm-none-eabi/lib/thumb/v7e-m+fp/hard\libcr_c.a(printf.o)
                                 0x38 (size before relaxing)
                0x00007408                . = ALIGN (0x8)
 *fill*         0x00007407        0x1 ff
                0x00007408                _etext = .

.glue_7         0x00007408        0x0
 .glue_7        0x00007408        0x0 linker stubs

.glue_7t        0x00007408        0x0
 .glue_7t       0x00007408        0x0 linker stubs

.vfp11_veneer   0x00007408        0x0
 .vfp11_veneer  0x00007408        0x0 linker stubs

.v4_bx          0x00007408        0x0
 .v4_bx         0x00007408        0x0 linker stubs

.iplt           0x00007408        0x0
 .iplt          0x00007408        0x0 ./utilities/fsl_assert.o

.rel.dyn        0x00007408        0x0
 .rel.iplt      0x00007408        0x0 ./utilities/fsl_assert.o

.m_usb_data
 *(SORT_BY_ALIGNMENT(m_usb_bdt))

.data_RAM2      0x1fff0000        0x0 load address 0x00007408
 FILL mask 0xff
                [!provide]                PROVIDE (__start_data_RAM2 = .)
                [!provide]                PROVIDE (__start_data_SRAM_LOWER = .)
 *(SORT_BY_ALIGNMENT(.ramfunc.$RAM2))
 *(SORT_BY_ALIGNMENT(.ramfunc.$SRAM_LOWER))
 *(SORT_BY_ALIGNMENT(NonCacheable.init))
 *(SORT_BY_ALIGNMENT(.data.$RAM2))
 *(SORT_BY_ALIGNMENT(.data.$SRAM_LOWER))
 *(SORT_BY_ALIGNMENT(.data.$RAM2.*))
 *(SORT_BY_ALIGNMENT(.data.$SRAM_LOWER.*))
                0x1fff0000                . = ALIGN (0x8)
                [!provide]                PROVIDE (__end_data_RAM2 = .)
                [!provide]                PROVIDE (__end_data_SRAM_LOWER = .)

.data_RAM3      0x14000000        0x0 load address 0x00007408
 FILL mask 0xff
                [!provide]                PROVIDE (__start_data_RAM3 = .)
                [!provide]                PROVIDE (__start_data_FLEX_RAM = .)
 *(SORT_BY_ALIGNMENT(.ramfunc.$RAM3))
 *(SORT_BY_ALIGNMENT(.ramfunc.$FLEX_RAM))
 *(SORT_BY_ALIGNMENT(.data.$RAM3))
 *(SORT_BY_ALIGNMENT(.data.$FLEX_RAM))
 *(SORT_BY_ALIGNMENT(.data.$RAM3.*))
 *(SORT_BY_ALIGNMENT(.data.$FLEX_RAM.*))
                0x14000000                . = ALIGN (0x8)
                [!provide]                PROVIDE (__end_data_RAM3 = .)
                [!provide]                PROVIDE (__end_data_FLEX_RAM = .)

.uninit_RESERVED
                0x20000000        0x0
                0x20000000                _start_uninit_RESERVED = .
 *(SORT_BY_ALIGNMENT(.bss.$RESERVED*))
                0x20000000                . = ALIGN (0x8)
                0x20000000                _end_uninit_RESERVED = .

.data           0x20000000       0x18 load address 0x00007408
 FILL mask 0xff
                0x20000000                _data = .
                [!provide]                PROVIDE (__start_data_RAM = .)
                [!provide]                PROVIDE (__start_data_SRAM_UPPER = .)
 *(SORT_BY_ALIGNMENT(vtable))
 *(SORT_BY_ALIGNMENT(.ramfunc*))
 *(SORT_BY_ALIGNMENT(CodeQuickAccess))
 *(SORT_BY_ALIGNMENT(DataQuickAccess))
 *(SORT_BY_ALIGNMENT(RamFunction))
 *(SORT_BY_ALIGNMENT(.data*))
 .data.uxCriticalNesting
                0x20000000        0x4 ./freertos/freertos_kernel/portable/GCC/ARM_CM4F/port.o
 .data.uxTopUsedPriority
                0x20000004        0x4 ./freertos/freertos_kernel/tasks.o
                0x20000004                uxTopUsedPriority
 .data.s_slowIrcFreq
                0x20000008        0x4 ./drivers/fsl_clock.o
 .data.s_fastIrcFreq
                0x2000000c        0x4 ./drivers/fsl_clock.o
 .data.SystemCoreClock
                0x20000010        0x4 ./device/system_MK66F18.o
                0x20000010                SystemCoreClock
                0x20000018                . = ALIGN (0x8)
 *fill*         0x20000014        0x4 ff
                0x20000018                _edata = .
                [!provide]                PROVIDE (__end_data_RAM = .)
                [!provide]                PROVIDE (__end_data_SRAM_UPPER = .)

.igot.plt       0x20000018        0x0 load address 0x00007420
 .igot.plt      0x20000018        0x0 ./utilities/fsl_assert.o

.bss_RAM2       0x1fff0000        0x0
                [!provide]                PROVIDE (__start_bss_RAM2 = .)
                [!provide]                PROVIDE (__start_bss_SRAM_LOWER = .)
 *(SORT_BY_ALIGNMENT(NonCacheable))
 *(SORT_BY_ALIGNMENT(.bss.$RAM2))
 *(SORT_BY_ALIGNMENT(.bss.$SRAM_LOWER))
 *(SORT_BY_ALIGNMENT(.bss.$RAM2.*))
 *(SORT_BY_ALIGNMENT(.bss.$SRAM_LOWER.*))
                0x1fff0000                . = ALIGN ((. != 0x0)?0x8:0x1)
                [!provide]                PROVIDE (__end_bss_RAM2 = .)
                [!provide]                PROVIDE (__end_bss_SRAM_LOWER = .)

.bss_RAM3       0x14000000        0x0
                [!provide]                PROVIDE (__start_bss_RAM3 = .)
                [!provide]                PROVIDE (__start_bss_FLEX_RAM = .)
 *(SORT_BY_ALIGNMENT(.bss.$RAM3))
 *(SORT_BY_ALIGNMENT(.bss.$FLEX_RAM))
 *(SORT_BY_ALIGNMENT(.bss.$RAM3.*))
 *(SORT_BY_ALIGNMENT(.bss.$FLEX_RAM.*))
                0x14000000                . = ALIGN ((. != 0x0)?0x8:0x1)
                [!provide]                PROVIDE (__end_bss_RAM3 = .)
                [!provide]                PROVIDE (__end_bss_FLEX_RAM = .)

.bss            0x20000018     0x2ae0
                0x20000018                _bss = .
                [!provide]                PROVIDE (__start_bss_RAM = .)
                [!provide]                PROVIDE (__start_bss_SRAM_UPPER = .)
 *(SORT_BY_ALIGNMENT(.bss*))
 .bss.led_queue
                0x20000018        0x4 ./source/LED_Component.o
                0x20000018                led_queue
 .bss.motor_queue
                0x2000001c        0x4 ./source/Motor_Control_Component.o
                0x2000001c                motor_queue
 .bss.angle_queue
                0x20000020        0x4 ./source/Motor_Control_Component.o
                0x20000020                angle_queue
 .bss.rc_hold_semaphore
                0x20000024        0x4 ./source/RC_Receiver_Component.o
                0x20000024                rc_hold_semaphore
 .bss.status_angle
                0x20000028        0x4 ./source/RC_Receiver_Component.o
                0x20000028                status_angle
 .bss.status_motor
                0x2000002c        0x4 ./source/RC_Receiver_Component.o
                0x2000002c                status_motor
 .bss.status_LED
                0x20000030        0x4 ./source/RC_Receiver_Component.o
                0x20000030                status_LED
 .bss.event_group
                0x20000034        0x4 ./source/Terminal_Component.o
                0x20000034                event_group
 .bss.ucHeap    0x20000038     0x2800 ./freertos/freertos_kernel/portable/MemMang/heap_4.o
 .bss.xStart    0x20002838        0x8 ./freertos/freertos_kernel/portable/MemMang/heap_4.o
 .bss.pxEnd     0x20002840        0x4 ./freertos/freertos_kernel/portable/MemMang/heap_4.o
 .bss.xFreeBytesRemaining
                0x20002844        0x4 ./freertos/freertos_kernel/portable/MemMang/heap_4.o
 .bss.xMinimumEverFreeBytesRemaining
                0x20002848        0x4 ./freertos/freertos_kernel/portable/MemMang/heap_4.o
 .bss.xNumberOfSuccessfulAllocations
                0x2000284c        0x4 ./freertos/freertos_kernel/portable/MemMang/heap_4.o
 .bss.xNumberOfSuccessfulFrees
                0x20002850        0x4 ./freertos/freertos_kernel/portable/MemMang/heap_4.o
 .bss.xBlockAllocatedBit
                0x20002854        0x4 ./freertos/freertos_kernel/portable/MemMang/heap_4.o
 .bss.ulMaxPRIGROUPValue
                0x20002858        0x4 ./freertos/freertos_kernel/portable/GCC/ARM_CM4F/port.o
 .bss.xQueueRegistry
                0x2000285c       0x40 ./freertos/freertos_kernel/queue.o
                0x2000285c                xQueueRegistry
 .bss.pxCurrentTCB
                0x2000289c        0x4 ./freertos/freertos_kernel/tasks.o
                0x2000289c                pxCurrentTCB
 .bss.pxReadyTasksLists
                0x200028a0       0x64 ./freertos/freertos_kernel/tasks.o
 .bss.xDelayedTaskList1
                0x20002904       0x14 ./freertos/freertos_kernel/tasks.o
 .bss.xDelayedTaskList2
                0x20002918       0x14 ./freertos/freertos_kernel/tasks.o
 .bss.pxDelayedTaskList
                0x2000292c        0x4 ./freertos/freertos_kernel/tasks.o
 .bss.pxOverflowDelayedTaskList
                0x20002930        0x4 ./freertos/freertos_kernel/tasks.o
 .bss.xPendingReadyList
                0x20002934       0x14 ./freertos/freertos_kernel/tasks.o
 .bss.xTasksWaitingTermination
                0x20002948       0x14 ./freertos/freertos_kernel/tasks.o
 .bss.uxDeletedTasksWaitingCleanUp
                0x2000295c        0x4 ./freertos/freertos_kernel/tasks.o
 .bss.xSuspendedTaskList
                0x20002960       0x14 ./freertos/freertos_kernel/tasks.o
 .bss.uxCurrentNumberOfTasks
                0x20002974        0x4 ./freertos/freertos_kernel/tasks.o
 .bss.xTickCount
                0x20002978        0x4 ./freertos/freertos_kernel/tasks.o
 .bss.uxTopReadyPriority
                0x2000297c        0x4 ./freertos/freertos_kernel/tasks.o
 .bss.xSchedulerRunning
                0x20002980        0x4 ./freertos/freertos_kernel/tasks.o
 .bss.xPendedTicks
                0x20002984        0x4 ./freertos/freertos_kernel/tasks.o
 .bss.xYieldPending
                0x20002988        0x4 ./freertos/freertos_kernel/tasks.o
 .bss.xNumOfOverflows
                0x2000298c        0x4 ./freertos/freertos_kernel/tasks.o
 .bss.uxTaskNumber
                0x20002990        0x4 ./freertos/freertos_kernel/tasks.o
 .bss.xNextTaskUnblockTime
                0x20002994        0x4 ./freertos/freertos_kernel/tasks.o
 .bss.xIdleTaskHandle
                0x20002998        0x4 ./freertos/freertos_kernel/tasks.o
 .bss.uxSchedulerSuspended
                0x2000299c        0x4 ./freertos/freertos_kernel/tasks.o
 .bss.xActiveTimerList1
                0x200029a0       0x14 ./freertos/freertos_kernel/timers.o
 .bss.xActiveTimerList2
                0x200029b4       0x14 ./freertos/freertos_kernel/timers.o
 .bss.pxCurrentTimerList
                0x200029c8        0x4 ./freertos/freertos_kernel/timers.o
 .bss.pxOverflowTimerList
                0x200029cc        0x4 ./freertos/freertos_kernel/timers.o
 .bss.xTimerQueue
                0x200029d0        0x4 ./freertos/freertos_kernel/timers.o
 .bss.xTimerTaskHandle
                0x200029d4        0x4 ./freertos/freertos_kernel/timers.o
 .bss.xLastTime.0
                0x200029d8        0x4 ./freertos/freertos_kernel/timers.o
 .bss.s_extPllFreq
                0x200029dc        0x4 ./drivers/fsl_clock.o
 .bss.g_xtal0Freq
                0x200029e0        0x4 ./drivers/fsl_clock.o
                0x200029e0                g_xtal0Freq
 .bss.g_xtal32Freq
                0x200029e4        0x4 ./drivers/fsl_clock.o
                0x200029e4                g_xtal32Freq
 .bss.g_dspiHandle
                0x200029e8        0xc ./drivers/fsl_dspi.o
 .bss.s_dspiMasterIsr
                0x200029f4        0x4 ./drivers/fsl_dspi.o
 .bss.s_dspiSlaveIsr
                0x200029f8        0x4 ./drivers/fsl_dspi.o
 .bss.s_i2cHandle
                0x200029fc       0x10 ./drivers/fsl_i2c.o
 .bss.s_i2cMasterIsr
                0x20002a0c        0x4 ./drivers/fsl_i2c.o
 .bss.s_i2cSlaveIsr
                0x20002a10        0x4 ./drivers/fsl_i2c.o
 .bss.s_lpuartHandle
                0x20002a14        0x4 ./drivers/fsl_lpuart.o
                0x20002a14                s_lpuartHandle
 .bss.s_lpuartIsr
                0x20002a18        0x4 ./drivers/fsl_lpuart.o
                0x20002a18                s_lpuartIsr
 .bss.s_uartHandle
                0x20002a1c       0x14 ./drivers/fsl_uart.o
                0x20002a1c                s_uartHandle
 .bss.s_uartIsr
                0x20002a30        0x4 ./drivers/fsl_uart.o
                0x20002a30                s_uartIsr
 .bss.errno     0x20002a34        0x4 c:/nxp/mcuxpressoide_11.6.1_8255/ide/plugins/com.nxp.mcuxpresso.tools.win32_11.6.1.202207200623/tools/bin/../lib/gcc/arm-none-eabi/10.3.1/../../../../arm-none-eabi/lib/thumb/v7e-m+fp/hard\libcr_c.a(errno.o)
                0x20002a34                errno
 .bss.__end_of_heap
                0x20002a38        0x4 c:/nxp/mcuxpressoide_11.6.1_8255/ide/plugins/com.nxp.mcuxpresso.tools.win32_11.6.1.202207200623/tools/bin/../lib/gcc/arm-none-eabi/10.3.1/../../../../arm-none-eabi/lib/thumb/v7e-m+fp/hard\libcr_c.a(__init_alloc.o)
                0x20002a38                __end_of_heap
 .bss.__heaps   0x20002a3c        0x4 c:/nxp/mcuxpressoide_11.6.1_8255/ide/plugins/com.nxp.mcuxpresso.tools.win32_11.6.1.202207200623/tools/bin/../lib/gcc/arm-none-eabi/10.3.1/../../../../arm-none-eabi/lib/thumb/v7e-m+fp/hard\libcr_c.a(__init_alloc.o)
                0x20002a3c                __heaps
 .bss.__Ciob    0x20002a40       0xb4 c:/nxp/mcuxpressoide_11.6.1_8255/ide/plugins/com.nxp.mcuxpresso.tools.win32_11.6.1.202207200623/tools/bin/../lib/gcc/arm-none-eabi/10.3.1/../../../../arm-none-eabi/lib/thumb/v7e-m+fp/hard\libcr_semihost_nf.a(__ciob.o)
                0x20002a40                __Ciob
 .bss.ch        0x20002af4        0x1 ./source/Terminal_Component.o
                0x20002af4                ch
 .bss.ucMaxSysCallPriority
                0x20002af5        0x1 ./freertos/freertos_kernel/portable/GCC/ARM_CM4F/port.o
 *(SORT_BY_ALIGNMENT(COMMON))
                0x20002af8                . = ALIGN (0x8)
 *fill*         0x20002af6        0x2 
                0x20002af8                _ebss = .
                [!provide]                PROVIDE (__end_bss_RAM = .)
                [!provide]                PROVIDE (__end_bss_SRAM_UPPER = .)
                [!provide]                PROVIDE (end = .)

.noinit_RAM2    0x1fff0000        0x0
                [!provide]                PROVIDE (__start_noinit_RAM2 = .)
                [!provide]                PROVIDE (__start_noinit_SRAM_LOWER = .)
 *(SORT_BY_ALIGNMENT(.noinit.$RAM2))
 *(SORT_BY_ALIGNMENT(.noinit.$SRAM_LOWER))
 *(SORT_BY_ALIGNMENT(.noinit.$RAM2.*))
 *(SORT_BY_ALIGNMENT(.noinit.$SRAM_LOWER.*))
                0x1fff0000                . = ALIGN (0x8)
                [!provide]                PROVIDE (__end_noinit_RAM2 = .)
                [!provide]                PROVIDE (__end_noinit_SRAM_LOWER = .)

.noinit_RAM3    0x14000000        0x0
                [!provide]                PROVIDE (__start_noinit_RAM3 = .)
                [!provide]                PROVIDE (__start_noinit_FLEX_RAM = .)
 *(SORT_BY_ALIGNMENT(.noinit.$RAM3))
 *(SORT_BY_ALIGNMENT(.noinit.$FLEX_RAM))
 *(SORT_BY_ALIGNMENT(.noinit.$RAM3.*))
 *(SORT_BY_ALIGNMENT(.noinit.$FLEX_RAM.*))
                0x14000000                . = ALIGN (0x8)
                [!provide]                PROVIDE (__end_noinit_RAM3 = .)
                [!provide]                PROVIDE (__end_noinit_FLEX_RAM = .)

.noinit         0x20002af8        0x0
                0x20002af8                _noinit = .
                [!provide]                PROVIDE (__start_noinit_RAM = .)
                [!provide]                PROVIDE (__start_noinit_SRAM_UPPER = .)
 *(SORT_BY_ALIGNMENT(.noinit*))
                0x20002af8                . = ALIGN (0x8)
                0x20002af8                _end_noinit = .
                [!provide]                PROVIDE (__end_noinit_RAM = .)
                [!provide]                PROVIDE (__end_noinit_SRAM_UPPER = .)

.ARM.extab
 *(SORT_BY_ALIGNMENT(.ARM.extab*) SORT_BY_ALIGNMENT(.gnu.linkonce.armextab.*))

.ARM.exidx      0x00007420        0x0
                0x00007420                __exidx_start = .
 *(SORT_BY_ALIGNMENT(.ARM.exidx*) SORT_BY_ALIGNMENT(.gnu.linkonce.armexidx.*))
                0x00007420                __exidx_end = .
                0x00001000                _HeapSize = 0x1000

.heap           0x20002af8     0x1000
                0x20002af8                _pvHeapStart = .
                0x20003af8                . = (. + _HeapSize)
 *fill*         0x20002af8     0x1000 
                0x20003af8                . = ALIGN (0x8)
                0x20003af8                _pvHeapLimit = .
                0x00001000                _StackSize = 0x1000

.heap2stackfill
                0x20003af8     0x1000
                0x20004af8                . = (. + _StackSize)
 *fill*         0x20003af8     0x1000 

.stack          0x2002f000        0x0
                0x2002f000                _vStackBase = .
                0x2002f000                . = ALIGN (0x8)
                0x20030000                _vStackTop = (. + _StackSize)
                0x00000000                _image_start = LOADADDR (.text)
                0x00007420                _image_end = (LOADADDR (.data) + SIZEOF (.data))
                0x00007420                _image_size = (_image_end - _image_start)
OUTPUT(Proj1_freertos_hello.axf elf32-littlearm)
LOAD linker stubs

.debug_info     0x00000000    0x17e74
 .debug_info    0x00000000       0xaa ./utilities/fsl_assert.o
 .debug_info    0x000000aa      0xa44 ./startup/startup_mk66f18.o
 .debug_info    0x00000aee      0xc07 ./source/LED_Component.o
 .debug_info    0x000016f5      0xd16 ./source/Motor_Control_Component.o
 .debug_info    0x0000240b      0xc03 ./source/RC_Receiver_Component.o
 .debug_info    0x0000300e     0x110d ./source/Terminal_Component.o
 .debug_info    0x0000411b       0xa2 ./source/freertos_hello.o
 .debug_info    0x000041bd       0x3c ./source/semihost_hardfault.o
 .debug_info    0x000041f9      0x4c1 ./freertos/freertos_kernel/portable/MemMang/heap_4.o
 .debug_info    0x000046ba      0x4d9 ./freertos/freertos_kernel/portable/GCC/ARM_CM4F/port.o
 .debug_info    0x00004b93      0x9ab ./freertos/freertos_kernel/event_groups.o
 .debug_info    0x0000553e      0x2be ./freertos/freertos_kernel/list.o
 .debug_info    0x000057fc     0x1725 ./freertos/freertos_kernel/queue.o
 .debug_info    0x00006f21     0x21a8 ./freertos/freertos_kernel/tasks.o
 .debug_info    0x000090c9      0xe72 ./freertos/freertos_kernel/timers.o
 .debug_info    0x00009f3b     0x2950 ./drivers/fsl_clock.o
 .debug_info    0x0000c88b     0x2685 ./drivers/fsl_dspi.o
 .debug_info    0x0000ef10     0x16db ./drivers/fsl_ftm.o
 .debug_info    0x000105eb     0x1f53 ./drivers/fsl_i2c.o
 .debug_info    0x0001253e     0x1e47 ./drivers/fsl_lpuart.o
 .debug_info    0x00014385     0x209e ./drivers/fsl_uart.o
 .debug_info    0x00016423      0xa4e ./device/system_MK66F18.o
 .debug_info    0x00016e71      0xcfe ./board/clock_config.o
 .debug_info    0x00017b6f      0x305 ./board/pin_mux.o

.debug_abbrev   0x00000000     0x3428
 .debug_abbrev  0x00000000       0x66 ./utilities/fsl_assert.o
 .debug_abbrev  0x00000066      0x185 ./startup/startup_mk66f18.o
 .debug_abbrev  0x000001eb      0x226 ./source/LED_Component.o
 .debug_abbrev  0x00000411      0x233 ./source/Motor_Control_Component.o
 .debug_abbrev  0x00000644      0x256 ./source/RC_Receiver_Component.o
 .debug_abbrev  0x0000089a      0x320 ./source/Terminal_Component.o
 .debug_abbrev  0x00000bba       0x49 ./source/freertos_hello.o
 .debug_abbrev  0x00000c03       0x31 ./source/semihost_hardfault.o
 .debug_abbrev  0x00000c34      0x1d7 ./freertos/freertos_kernel/portable/MemMang/heap_4.o
 .debug_abbrev  0x00000e0b      0x231 ./freertos/freertos_kernel/portable/GCC/ARM_CM4F/port.o
 .debug_abbrev  0x0000103c      0x22a ./freertos/freertos_kernel/event_groups.o
 .debug_abbrev  0x00001266       0xf2 ./freertos/freertos_kernel/list.o
 .debug_abbrev  0x00001358      0x278 ./freertos/freertos_kernel/queue.o
 .debug_abbrev  0x000015d0      0x2d7 ./freertos/freertos_kernel/tasks.o
 .debug_abbrev  0x000018a7      0x24b ./freertos/freertos_kernel/timers.o
 .debug_abbrev  0x00001af2      0x362 ./drivers/fsl_clock.o
 .debug_abbrev  0x00001e54      0x381 ./drivers/fsl_dspi.o
 .debug_abbrev  0x000021d5      0x290 ./drivers/fsl_ftm.o
 .debug_abbrev  0x00002465      0x363 ./drivers/fsl_i2c.o
 .debug_abbrev  0x000027c8      0x410 ./drivers/fsl_lpuart.o
 .debug_abbrev  0x00002bd8      0x42e ./drivers/fsl_uart.o
 .debug_abbrev  0x00003006      0x148 ./device/system_MK66F18.o
 .debug_abbrev  0x0000314e      0x214 ./board/clock_config.o
 .debug_abbrev  0x00003362       0xc6 ./board/pin_mux.o

.debug_aranges  0x00000000     0x1560
 .debug_aranges
                0x00000000       0x20 ./utilities/fsl_assert.o
 .debug_aranges
                0x00000020      0x3a0 ./startup/startup_mk66f18.o
 .debug_aranges
                0x000003c0       0x50 ./source/LED_Component.o
 .debug_aranges
                0x00000410       0x70 ./source/Motor_Control_Component.o
 .debug_aranges
                0x00000480       0x40 ./source/RC_Receiver_Component.o
 .debug_aranges
                0x000004c0       0x70 ./source/Terminal_Component.o
 .debug_aranges
                0x00000530       0x20 ./source/freertos_hello.o
 .debug_aranges
                0x00000550       0x20 ./source/semihost_hardfault.o
 .debug_aranges
                0x00000570       0x58 ./freertos/freertos_kernel/portable/MemMang/heap_4.o
 .debug_aranges
                0x000005c8       0x80 ./freertos/freertos_kernel/portable/GCC/ARM_CM4F/port.o
 .debug_aranges
                0x00000648       0x88 ./freertos/freertos_kernel/event_groups.o
 .debug_aranges
                0x000006d0       0x40 ./freertos/freertos_kernel/list.o
 .debug_aranges
                0x00000710      0x130 ./freertos/freertos_kernel/queue.o
 .debug_aranges
                0x00000840      0x208 ./freertos/freertos_kernel/tasks.o
 .debug_aranges
                0x00000a48       0xe8 ./freertos/freertos_kernel/timers.o
 .debug_aranges
                0x00000b30      0x258 ./drivers/fsl_clock.o
 .debug_aranges
                0x00000d88      0x1d8 ./drivers/fsl_dspi.o
 .debug_aranges
                0x00000f60       0xd8 ./drivers/fsl_ftm.o
 .debug_aranges
                0x00001038      0x188 ./drivers/fsl_i2c.o
 .debug_aranges
                0x000011c0      0x138 ./drivers/fsl_lpuart.o
 .debug_aranges
                0x000012f8      0x1a8 ./drivers/fsl_uart.o
 .debug_aranges
                0x000014a0       0x30 ./device/system_MK66F18.o
 .debug_aranges
                0x000014d0       0x60 ./board/clock_config.o
 .debug_aranges
                0x00001530       0x30 ./board/pin_mux.o

.debug_ranges   0x00000000     0x13e0
 .debug_ranges  0x00000000       0x10 ./utilities/fsl_assert.o
 .debug_ranges  0x00000010      0x390 ./startup/startup_mk66f18.o
 .debug_ranges  0x000003a0       0x40 ./source/LED_Component.o
 .debug_ranges  0x000003e0       0x60 ./source/Motor_Control_Component.o
 .debug_ranges  0x00000440       0x30 ./source/RC_Receiver_Component.o
 .debug_ranges  0x00000470       0x60 ./source/Terminal_Component.o
 .debug_ranges  0x000004d0       0x10 ./source/freertos_hello.o
 .debug_ranges  0x000004e0       0x10 ./source/semihost_hardfault.o
 .debug_ranges  0x000004f0       0x48 ./freertos/freertos_kernel/portable/MemMang/heap_4.o
 .debug_ranges  0x00000538       0x70 ./freertos/freertos_kernel/portable/GCC/ARM_CM4F/port.o
 .debug_ranges  0x000005a8       0x78 ./freertos/freertos_kernel/event_groups.o
 .debug_ranges  0x00000620       0x30 ./freertos/freertos_kernel/list.o
 .debug_ranges  0x00000650      0x120 ./freertos/freertos_kernel/queue.o
 .debug_ranges  0x00000770      0x1f8 ./freertos/freertos_kernel/tasks.o
 .debug_ranges  0x00000968       0xd8 ./freertos/freertos_kernel/timers.o
 .debug_ranges  0x00000a40      0x248 ./drivers/fsl_clock.o
 .debug_ranges  0x00000c88      0x1c8 ./drivers/fsl_dspi.o
 .debug_ranges  0x00000e50       0xc8 ./drivers/fsl_ftm.o
 .debug_ranges  0x00000f18      0x178 ./drivers/fsl_i2c.o
 .debug_ranges  0x00001090      0x128 ./drivers/fsl_lpuart.o
 .debug_ranges  0x000011b8      0x198 ./drivers/fsl_uart.o
 .debug_ranges  0x00001350       0x20 ./device/system_MK66F18.o
 .debug_ranges  0x00001370       0x50 ./board/clock_config.o
 .debug_ranges  0x000013c0       0x20 ./board/pin_mux.o

.debug_macro    0x00000000    0x1d951
 .debug_macro   0x00000000      0x1ac ./utilities/fsl_assert.o
 .debug_macro   0x000001ac      0xac0 ./utilities/fsl_assert.o
 .debug_macro   0x00000c6c       0x10 ./utilities/fsl_assert.o
 .debug_macro   0x00000c7c       0x1c ./utilities/fsl_assert.o
 .debug_macro   0x00000c98       0x22 ./utilities/fsl_assert.o
 .debug_macro   0x00000cba      0x12e ./utilities/fsl_assert.o
 .debug_macro   0x00000de8      0x5b3 ./utilities/fsl_assert.o
 .debug_macro   0x0000139b       0x22 ./utilities/fsl_assert.o
 .debug_macro   0x000013bd       0x10 ./utilities/fsl_assert.o
 .debug_macro   0x000013cd       0x56 ./utilities/fsl_assert.o
 .debug_macro   0x00001423       0x1c ./utilities/fsl_assert.o
 .debug_macro   0x0000143f       0x22 ./utilities/fsl_assert.o
 .debug_macro   0x00001461       0xfb ./utilities/fsl_assert.o
 .debug_macro   0x0000155c      0xeeb ./utilities/fsl_assert.o
 .debug_macro   0x00002447       0x40 ./utilities/fsl_assert.o
 .debug_macro   0x00002487    0x1626f ./utilities/fsl_assert.o
 .debug_macro   0x000186f6     0x14b0 ./utilities/fsl_assert.o
 .debug_macro   0x00019ba6       0x7a ./utilities/fsl_assert.o
 .debug_macro   0x00019c20       0xaf ./utilities/fsl_assert.o
 .debug_macro   0x00019ccf      0x190 ./utilities/fsl_assert.o
 .debug_macro   0x00019e5f       0x70 ./utilities/fsl_assert.o
 .debug_macro   0x00019ecf      0x1a6 ./utilities/fsl_assert.o
 .debug_macro   0x0001a075      0x15a ./utilities/fsl_assert.o
 .debug_macro   0x0001a1cf       0xea ./utilities/fsl_assert.o
 .debug_macro   0x0001a2b9       0x1c ./utilities/fsl_assert.o
 .debug_macro   0x0001a2d5       0x26 ./utilities/fsl_assert.o
 .debug_macro   0x0001a2fb      0x45d ./utilities/fsl_assert.o
 .debug_macro   0x0001a758       0x40 ./utilities/fsl_assert.o
 .debug_macro   0x0001a798       0x16 ./utilities/fsl_assert.o
 .debug_macro   0x0001a7ae       0x66 ./utilities/fsl_assert.o
 .debug_macro   0x0001a814       0x16 ./utilities/fsl_assert.o
 .debug_macro   0x0001a82a       0xd2 ./utilities/fsl_assert.o
 .debug_macro   0x0001a8fc       0x1c ./utilities/fsl_assert.o
 .debug_macro   0x0001a918       0x29 ./startup/startup_mk66f18.o
 .debug_macro   0x0001a941      0x2a8 ./source/LED_Component.o
 .debug_macro   0x0001abe9      0x2a8 ./source/Motor_Control_Component.o
 .debug_macro   0x0001ae91      0x2ac ./source/RC_Receiver_Component.o
 .debug_macro   0x0001b13d      0x2a4 ./source/Terminal_Component.o
 .debug_macro   0x0001b3e1      0x2f0 ./source/freertos_hello.o
 .debug_macro   0x0001b6d1       0x16 ./source/freertos_hello.o
 .debug_macro   0x0001b6e7       0x1c ./source/freertos_hello.o
 .debug_macro   0x0001b703       0x1c ./source/freertos_hello.o
 .debug_macro   0x0001b71f       0x16 ./source/freertos_hello.o