15:26:15 **** Incremental Build of configuration Debug for project Proj1_freertos_hello ****
make -r -j4 all 
make[1]: Nothing to be done for 'main-build'.
Performing post-build steps
arm-none-eabi-size "Proj1_freertos_hello.axf"; # arm-none-eabi-objcopy -v -O binary "Proj1_freertos_hello.axf" "Proj1_freertos_hello.bin" ; # checksum -p MK66FN2M0xxx18 -d "Proj1_freertos_hello.bin";
   text	   data	    bss	    dec	    hex	filename
  43128	     32	  19392	  62552	   f458	Proj1_freertos_hello.axf
 

15:26:15 Build Finished. 0 errors, 0 warnings. (took 259ms)

