../source/Accelerometer_Component.c:6:6:setupAccelerometerComponent	8	static
../source/Accelerometer_Component.c:18:6:setupAccelerometerPins	4	static
../source/Accelerometer_Component.c:23:6:voltageRegulator_enable	4	static
../source/Accelerometer_Component.c:28:6:accelerometer_enable	4	static
../source/Accelerometer_Component.c:33:6:spi_init	4	static
../source/Accelerometer_Component.c:38:10:SPI_Send	16	static
../source/Accelerometer_Component.c:43:10:SPI_receive	16	static
../source/Accelerometer_Component.c:48:6:accelerometerTask	16	static
