C:\Users\markanda\Documents\4DS4\Project1\Proj1_freertos_hello\drivers/fsl_port.h:374:20:PORT_SetPinMux	24	static
C:\Users\markanda\Documents\4DS4\Project1\Proj1_freertos_hello\drivers/fsl_gpio.h:162:20:GPIO_PinWrite	24	static
../source/Accelerometer_Component.c:32:6:setupAccelerometerComponent	24	static
../source/Accelerometer_Component.c:49:6:setupAccelerometerPins	8	static
../source/Accelerometer_Component.c:59:6:voltageRegulator_enable	16	static
../source/Accelerometer_Component.c:69:6:accelerometer_enable	16	static
../source/Accelerometer_Component.c:79:6:spi_init	48	static
../source/Accelerometer_Component.c:102:10:SPI_Send	48	static
../source/Accelerometer_Component.c:121:10:SPI_receive	48	static
../source/Accelerometer_Component.c:140:13:Sensor_ReadData	40	static
../source/Accelerometer_Component.c:159:6:accelerometerTask	160	static
