C:\Users\markanda\Documents\4DS4\Project1\Proj1_freertos_hello\CMSIS/core_cm4.h:1679:22:__NVIC_EnableIRQ	16	static
C:\Users\markanda\Documents\4DS4\Project1\Proj1_freertos_hello\drivers/fsl_common_arm.h:499:24:EnableIRQ	24	static
C:\Users\markanda\Documents\4DS4\Project1\Proj1_freertos_hello\drivers/fsl_port.h:374:20:PORT_SetPinMux	24	static
C:\Users\markanda\Documents\4DS4\Project1\Proj1_freertos_hello\drivers/fsl_uart.h:667:23:UART_ReadByte	16	static
../source/Terminal_Component.c:11:6:setupTerminalComponent	24	static
../source/Terminal_Component.c:48:6:setupTerminalPins	8	static
../source/Terminal_Component.c:62:6:sendMessage	16	static
../source/Terminal_Component.c:80:6:setupUART	24	static
../source/Terminal_Component.c:96:6:uartTask	40	static
../source/Terminal_Component.c:117:6:UART4_RX_TX_IRQHandler	8	static
../source/Terminal_Component.c:142:6:terminalControlTask	32	static
