C:\Users\markanda\Documents\4DS4\Project1\Proj1_freertos_hello\CMSIS/core_cm4.h:1679:22:__NVIC_EnableIRQ	16	static
C:\Users\markanda\Documents\4DS4\Project1\Proj1_freertos_hello\CMSIS/core_cm4.h:1809:22:__NVIC_SetPriority	16	static
C:\Users\markanda\Documents\4DS4\Project1\Proj1_freertos_hello\drivers/fsl_common_arm.h:499:24:EnableIRQ	24	static
C:\Users\markanda\Documents\4DS4\Project1\Proj1_freertos_hello\drivers/fsl_port.h:374:20:PORT_SetPinMux	24	static
C:\Users\markanda\Documents\4DS4\Project1\Proj1_freertos_hello\drivers/fsl_uart.h:667:23:UART_ReadByte	16	static
../source/Terminal_Component.c:11:6:setupTerminalComponent	24	static
../source/Terminal_Component.c:48:6:setupTerminalPins	8	static
../source/Terminal_Component.c:74:6:setupUART	24	static
../source/Terminal_Component.c:111:6:UART4_RX_TX_IRQHandler	16	static
../source/Terminal_Component.c:139:6:terminalControlTask	56	static
